CRITICAL - 2026-05-26 17:02:50 --> Error: Call to a member function getMunicipiosByEstado() on null
[Method: GET, Route: /]
in APPPATH\Controllers\Home.php on line 17.
 1 SYSTEMPATH\CodeIgniter.php(933): App\Controllers\Home->index()
 2 SYSTEMPATH\CodeIgniter.php(507): CodeIgniter\CodeIgniter->runController(Object(App\Controllers\Home))
 3 SYSTEMPATH\CodeIgniter.php(354): CodeIgniter\CodeIgniter->handleRequest(null, Object(Config\Cache), false)
 4 SYSTEMPATH\Boot.php(363): CodeIgniter\CodeIgniter->run()
 5 SYSTEMPATH\Boot.php(68): CodeIgniter\Boot::runCodeIgniter(Object(CodeIgniter\CodeIgniter))
 6 FCPATH\index.php(59): CodeIgniter\Boot::bootWeb(Object(Config\Paths))
CRITICAL - 2026-05-26 17:03:12 --> TypeError: CodeIgniter\Database\BaseBuilder::select(): Argument #2 ($escape) must be of type ?bool, string given, called in E:\Usuários\0077110\Documents\dev\WEB-II\012\system\Model.php on line 925
[Method: GET, Route: /]
in SYSTEMPATH\Database\BaseBuilder.php on line 403.
 1 SYSTEMPATH\Model.php(925): CodeIgniter\Database\BaseBuilder->select('id', 'nome')
 2 APPPATH\Services\MunicipioService.php(20): CodeIgniter\Model->__call('select', [...])
 3 APPPATH\Controllers\Home.php(17): App\Services\MunicipioService->getMunicipiosByEstado('1')
 4 SYSTEMPATH\CodeIgniter.php(933): App\Controllers\Home->index()
 5 SYSTEMPATH\CodeIgniter.php(507): CodeIgniter\CodeIgniter->runController(Object(App\Controllers\Home))
 6 SYSTEMPATH\CodeIgniter.php(354): CodeIgniter\CodeIgniter->handleRequest(null, Object(Config\Cache), false)
 7 SYSTEMPATH\Boot.php(363): CodeIgniter\CodeIgniter->run()
 8 SYSTEMPATH\Boot.php(68): CodeIgniter\Boot::runCodeIgniter(Object(CodeIgniter\CodeIgniter))
 9 FCPATH\index.php(59): CodeIgniter\Boot::bootWeb(Object(Config\Paths))
CRITICAL - 2026-05-26 17:03:16 --> TypeError: CodeIgniter\Database\BaseBuilder::select(): Argument #2 ($escape) must be of type ?bool, string given, called in E:\Usuários\0077110\Documents\dev\WEB-II\012\system\Model.php on line 925
[Method: GET, Route: /]
in SYSTEMPATH\Database\BaseBuilder.php on line 403.
 1 SYSTEMPATH\Model.php(925): CodeIgniter\Database\BaseBuilder->select('id', 'nome')
 2 APPPATH\Services\MunicipioService.php(20): CodeIgniter\Model->__call('select', [...])
 3 APPPATH\Controllers\Home.php(17): App\Services\MunicipioService->getMunicipiosByEstado('1')
 4 SYSTEMPATH\CodeIgniter.php(933): App\Controllers\Home->index()
 5 SYSTEMPATH\CodeIgniter.php(507): CodeIgniter\CodeIgniter->runController(Object(App\Controllers\Home))
 6 SYSTEMPATH\CodeIgniter.php(354): CodeIgniter\CodeIgniter->handleRequest(null, Object(Config\Cache), false)
 7 SYSTEMPATH\Boot.php(363): CodeIgniter\CodeIgniter->run()
 8 SYSTEMPATH\Boot.php(68): CodeIgniter\Boot::runCodeIgniter(Object(CodeIgniter\CodeIgniter))
 9 FCPATH\index.php(59): CodeIgniter\Boot::bootWeb(Object(Config\Paths))
CRITICAL - 2026-05-26 17:03:46 --> TypeError: CodeIgniter\Database\BaseBuilder::select(): Argument #2 ($escape) must be of type ?bool, string given, called in E:\Usuários\0077110\Documents\dev\WEB-II\012\system\Model.php on line 925
[Method: GET, Route: /]
in SYSTEMPATH\Database\BaseBuilder.php on line 403.
 1 SYSTEMPATH\Model.php(925): CodeIgniter\Database\BaseBuilder->select('id', 'nome')
 2 APPPATH\Services\MunicipioService.php(20): CodeIgniter\Model->__call('select', [...])
 3 APPPATH\Controllers\Home.php(17): App\Services\MunicipioService->getMunicipiosByEstado('1')
 4 SYSTEMPATH\CodeIgniter.php(933): App\Controllers\Home->index()
 5 SYSTEMPATH\CodeIgniter.php(507): CodeIgniter\CodeIgniter->runController(Object(App\Controllers\Home))
 6 SYSTEMPATH\CodeIgniter.php(354): CodeIgniter\CodeIgniter->handleRequest(null, Object(Config\Cache), false)
 7 SYSTEMPATH\Boot.php(363): CodeIgniter\CodeIgniter->run()
 8 SYSTEMPATH\Boot.php(68): CodeIgniter\Boot::runCodeIgniter(Object(CodeIgniter\CodeIgniter))
 9 FCPATH\index.php(59): CodeIgniter\Boot::bootWeb(Object(Config\Paths))
CRITICAL - 2026-05-26 17:07:02 --> TypeError: CodeIgniter\Database\BaseBuilder::select(): Argument #2 ($escape) must be of type ?bool, string given, called in E:\Usuários\0077110\Documents\dev\WEB-II\012\system\Model.php on line 925
[Method: GET, Route: /]
in SYSTEMPATH\Database\BaseBuilder.php on line 403.
 1 SYSTEMPATH\Model.php(925): CodeIgniter\Database\BaseBuilder->select('id', 'nome')
 2 APPPATH\Services\MunicipioService.php(20): CodeIgniter\Model->__call('select', [...])
 3 APPPATH\Controllers\Home.php(17): App\Services\MunicipioService->getMunicipiosByEstado(31)
 4 SYSTEMPATH\CodeIgniter.php(933): App\Controllers\Home->index()
 5 SYSTEMPATH\CodeIgniter.php(507): CodeIgniter\CodeIgniter->runController(Object(App\Controllers\Home))
 6 SYSTEMPATH\CodeIgniter.php(354): CodeIgniter\CodeIgniter->handleRequest(null, Object(Config\Cache), false)
 7 SYSTEMPATH\Boot.php(363): CodeIgniter\CodeIgniter->run()
 8 SYSTEMPATH\Boot.php(68): CodeIgniter\Boot::runCodeIgniter(Object(CodeIgniter\CodeIgniter))
 9 FCPATH\index.php(59): CodeIgniter\Boot::bootWeb(Object(Config\Paths))
CRITICAL - 2026-05-26 17:07:33 --> TypeError: CodeIgniter\Database\BaseBuilder::select(): Argument #2 ($escape) must be of type ?bool, string given, called in E:\Usuários\0077110\Documents\dev\WEB-II\012\system\Model.php on line 925
[Method: GET, Route: /]
in SYSTEMPATH\Database\BaseBuilder.php on line 403.
 1 SYSTEMPATH\Model.php(925): CodeIgniter\Database\BaseBuilder->select('id', 'nome')
 2 APPPATH\Services\MunicipioService.php(20): CodeIgniter\Model->__call('select', [...])
 3 APPPATH\Controllers\Home.php(17): App\Services\MunicipioService->getMunicipiosByEstado(31)
 4 SYSTEMPATH\CodeIgniter.php(933): App\Controllers\Home->index()
 5 SYSTEMPATH\CodeIgniter.php(507): CodeIgniter\CodeIgniter->runController(Object(App\Controllers\Home))
 6 SYSTEMPATH\CodeIgniter.php(354): CodeIgniter\CodeIgniter->handleRequest(null, Object(Config\Cache), false)
 7 SYSTEMPATH\Boot.php(363): CodeIgniter\CodeIgniter->run()
 8 SYSTEMPATH\Boot.php(68): CodeIgniter\Boot::runCodeIgniter(Object(CodeIgniter\CodeIgniter))
 9 FCPATH\index.php(59): CodeIgniter\Boot::bootWeb(Object(Config\Paths))
CRITICAL - 2026-05-26 17:08:34 --> TypeError: CodeIgniter\Database\BaseBuilder::select(): Argument #2 ($escape) must be of type ?bool, string given, called in E:\Usuários\0077110\Documents\dev\WEB-II\012\system\Model.php on line 925
[Method: GET, Route: /]
in SYSTEMPATH\Database\BaseBuilder.php on line 403.
 1 SYSTEMPATH\Model.php(925): CodeIgniter\Database\BaseBuilder->select('id', 'nome')
 2 APPPATH\Services\MunicipioService.php(20): CodeIgniter\Model->__call('select', [...])
 3 APPPATH\Controllers\Home.php(17): App\Services\MunicipioService->getMunicipiosByEstado(31)
 4 SYSTEMPATH\CodeIgniter.php(933): App\Controllers\Home->index()
 5 SYSTEMPATH\CodeIgniter.php(507): CodeIgniter\CodeIgniter->runController(Object(App\Controllers\Home))
 6 SYSTEMPATH\CodeIgniter.php(354): CodeIgniter\CodeIgniter->handleRequest(null, Object(Config\Cache), false)
 7 SYSTEMPATH\Boot.php(363): CodeIgniter\CodeIgniter->run()
 8 SYSTEMPATH\Boot.php(68): CodeIgniter\Boot::runCodeIgniter(Object(CodeIgniter\CodeIgniter))
 9 FCPATH\index.php(59): CodeIgniter\Boot::bootWeb(Object(Config\Paths))
