ERROR - 2026-05-25 21:46:23 --> Error connecting to the database: mysqli_sql_exception: Access denied for user ''@'localhost' (using password: NO) in D:\Users\ferna\Desktop\ajax-test\system\Database\MySQLi\Connection.php:201
Stack trace:
#0 D:\Users\ferna\Desktop\ajax-test\system\Database\MySQLi\Connection.php(201): mysqli->real_connect('localhost', '', Object(SensitiveParameterValue), '', 3306, '', 0)
#1 D:\Users\ferna\Desktop\ajax-test\system\Database\BaseConnection.php(419): CodeIgniter\Database\MySQLi\Connection->connect(false)
#2 D:\Users\ferna\Desktop\ajax-test\system\Database\BaseConnection.php(614): CodeIgniter\Database\BaseConnection->initialize()
#3 D:\Users\ferna\Desktop\ajax-test\system\Database\BaseBuilder.php(1649): CodeIgniter\Database\BaseConnection->query('SELECT *\nFROM `...', Array, false)
#4 D:\Users\ferna\Desktop\ajax-test\system\Model.php(286): CodeIgniter\Database\BaseBuilder->get()
#5 D:\Users\ferna\Desktop\ajax-test\system\BaseModel.php(677): CodeIgniter\Model->doFindAll(0, 0)
#6 D:\Users\ferna\Desktop\ajax-test\app\Controllers\Home.php(14): CodeIgniter\BaseModel->findAll()
#7 D:\Users\ferna\Desktop\ajax-test\system\CodeIgniter.php(933): App\Controllers\Home->index()
#8 D:\Users\ferna\Desktop\ajax-test\system\CodeIgniter.php(507): CodeIgniter\CodeIgniter->runController(Object(App\Controllers\Home))
#9 D:\Users\ferna\Desktop\ajax-test\system\CodeIgniter.php(354): CodeIgniter\CodeIgniter->handleRequest(NULL, Object(Config\Cache), false)
#10 D:\Users\ferna\Desktop\ajax-test\system\Boot.php(363): CodeIgniter\CodeIgniter->run()
#11 D:\Users\ferna\Desktop\ajax-test\system\Boot.php(68): CodeIgniter\Boot::runCodeIgniter(Object(CodeIgniter\CodeIgniter))
#12 D:\Users\ferna\Desktop\ajax-test\public\index.php(59): CodeIgniter\Boot::bootWeb(Object(Config\Paths))
#13 {main}

Next CodeIgniter\Database\Exceptions\DatabaseException: Access denied for user ''@'localhost' (using password: NO) in D:\Users\ferna\Desktop\ajax-test\system\Database\MySQLi\Connection.php:246
Stack trace:
#0 D:\Users\ferna\Desktop\ajax-test\system\Database\BaseConnection.php(419): CodeIgniter\Database\MySQLi\Connection->connect(false)
#1 D:\Users\ferna\Desktop\ajax-test\system\Database\BaseConnection.php(614): CodeIgniter\Database\BaseConnection->initialize()
#2 D:\Users\ferna\Desktop\ajax-test\system\Database\BaseBuilder.php(1649): CodeIgniter\Database\BaseConnection->query('SELECT *\nFROM `...', Array, false)
#3 D:\Users\ferna\Desktop\ajax-test\system\Model.php(286): CodeIgniter\Database\BaseBuilder->get()
#4 D:\Users\ferna\Desktop\ajax-test\system\BaseModel.php(677): CodeIgniter\Model->doFindAll(0, 0)
#5 D:\Users\ferna\Desktop\ajax-test\app\Controllers\Home.php(14): CodeIgniter\BaseModel->findAll()
#6 D:\Users\ferna\Desktop\ajax-test\system\CodeIgniter.php(933): App\Controllers\Home->index()
#7 D:\Users\ferna\Desktop\ajax-test\system\CodeIgniter.php(507): CodeIgniter\CodeIgniter->runController(Object(App\Controllers\Home))
#8 D:\Users\ferna\Desktop\ajax-test\system\CodeIgniter.php(354): CodeIgniter\CodeIgniter->handleRequest(NULL, Object(Config\Cache), false)
#9 D:\Users\ferna\Desktop\ajax-test\system\Boot.php(363): CodeIgniter\CodeIgniter->run()
#10 D:\Users\ferna\Desktop\ajax-test\system\Boot.php(68): CodeIgniter\Boot::runCodeIgniter(Object(CodeIgniter\CodeIgniter))
#11 D:\Users\ferna\Desktop\ajax-test\public\index.php(59): CodeIgniter\Boot::bootWeb(Object(Config\Paths))
#12 {main}
CRITICAL - 2026-05-25 21:46:23 --> CodeIgniter\Database\Exceptions\DatabaseException: Unable to connect to the database.
Main connection [MySQLi]: Access denied for user ''@'localhost' (using password: NO)
[Method: GET, Route: /]
in SYSTEMPATH\Database\BaseConnection.php on line 465.
 1 SYSTEMPATH\Database\BaseConnection.php(614): CodeIgniter\Database\BaseConnection->initialize()
 2 SYSTEMPATH\Database\BaseBuilder.php(1649): CodeIgniter\Database\BaseConnection->query('SELECT *
FROM `estados`', [], false)
 3 SYSTEMPATH\Model.php(286): CodeIgniter\Database\BaseBuilder->get()
 4 SYSTEMPATH\BaseModel.php(677): CodeIgniter\Model->doFindAll(0, 0)
 5 APPPATH\Controllers\Home.php(14): CodeIgniter\BaseModel->findAll()
 6 SYSTEMPATH\CodeIgniter.php(933): App\Controllers\Home->index()
 7 SYSTEMPATH\CodeIgniter.php(507): CodeIgniter\CodeIgniter->runController(Object(App\Controllers\Home))
 8 SYSTEMPATH\CodeIgniter.php(354): CodeIgniter\CodeIgniter->handleRequest(null, Object(Config\Cache), false)
 9 SYSTEMPATH\Boot.php(363): CodeIgniter\CodeIgniter->run()
10 SYSTEMPATH\Boot.php(68): CodeIgniter\Boot::runCodeIgniter(Object(CodeIgniter\CodeIgniter))
11 FCPATH\index.php(59): CodeIgniter\Boot::bootWeb(Object(Config\Paths))
CRITICAL - 2026-05-25 21:47:08 --> Error: Undefined constant "App\Controllers\cidades"
[Method: GET, Route: /]
in APPPATH\Controllers\Home.php on line 18.
 1 SYSTEMPATH\CodeIgniter.php(933): App\Controllers\Home->index()
 2 SYSTEMPATH\CodeIgniter.php(507): CodeIgniter\CodeIgniter->runController(Object(App\Controllers\Home))
 3 SYSTEMPATH\CodeIgniter.php(354): CodeIgniter\CodeIgniter->handleRequest(null, Object(Config\Cache), false)
 4 SYSTEMPATH\Boot.php(363): CodeIgniter\CodeIgniter->run()
 5 SYSTEMPATH\Boot.php(68): CodeIgniter\Boot::runCodeIgniter(Object(CodeIgniter\CodeIgniter))
 6 FCPATH\index.php(59): CodeIgniter\Boot::bootWeb(Object(Config\Paths))
