ERROR - 2026-06-12 00:59:04 --> mysqli_sql_exception: Table 'brasil.ufs' doesn't exist in C:\Users\joaop\OneDrive\Documentos\Buscando comer cimento\Faculdade\WebII\Trabalho 2\system\Database\MySQLi\Connection.php:327
Stack trace:
#0 C:\Users\joaop\OneDrive\Documentos\Buscando comer cimento\Faculdade\WebII\Trabalho 2\system\Database\MySQLi\Connection.php(327): mysqli->query('SELECT `id`, `n...', 0)
#1 C:\Users\joaop\OneDrive\Documentos\Buscando comer cimento\Faculdade\WebII\Trabalho 2\system\Database\BaseConnection.php(729): CodeIgniter\Database\MySQLi\Connection->execute('SELECT `id`, `n...')
#2 C:\Users\joaop\OneDrive\Documentos\Buscando comer cimento\Faculdade\WebII\Trabalho 2\system\Database\BaseConnection.php(646): CodeIgniter\Database\BaseConnection->simpleQuery('SELECT `id`, `n...')
#3 C:\Users\joaop\OneDrive\Documentos\Buscando comer cimento\Faculdade\WebII\Trabalho 2\system\Database\BaseBuilder.php(1649): CodeIgniter\Database\BaseConnection->query('SELECT `id`, `n...', Array, false)
#4 C:\Users\joaop\OneDrive\Documentos\Buscando comer cimento\Faculdade\WebII\Trabalho 2\system\Model.php(286): CodeIgniter\Database\BaseBuilder->get()
#5 C:\Users\joaop\OneDrive\Documentos\Buscando comer cimento\Faculdade\WebII\Trabalho 2\system\BaseModel.php(677): CodeIgniter\Model->doFindAll(0, 0)
#6 C:\Users\joaop\OneDrive\Documentos\Buscando comer cimento\Faculdade\WebII\Trabalho 2\app\Services\EstadoService.php(24): CodeIgniter\BaseModel->findAll()
#7 C:\Users\joaop\OneDrive\Documentos\Buscando comer cimento\Faculdade\WebII\Trabalho 2\app\Controllers\Home.php(11): App\Services\EstadoService->getEstados()
#8 C:\Users\joaop\OneDrive\Documentos\Buscando comer cimento\Faculdade\WebII\Trabalho 2\system\CodeIgniter.php(933): App\Controllers\Home->index()
#9 C:\Users\joaop\OneDrive\Documentos\Buscando comer cimento\Faculdade\WebII\Trabalho 2\system\CodeIgniter.php(507): CodeIgniter\CodeIgniter->runController(Object(App\Controllers\Home))
#10 C:\Users\joaop\OneDrive\Documentos\Buscando comer cimento\Faculdade\WebII\Trabalho 2\system\CodeIgniter.php(354): CodeIgniter\CodeIgniter->handleRequest(NULL, Object(Config\Cache), false)
#11 C:\Users\joaop\OneDrive\Documentos\Buscando comer cimento\Faculdade\WebII\Trabalho 2\system\Boot.php(363): CodeIgniter\CodeIgniter->run()
#12 C:\Users\joaop\OneDrive\Documentos\Buscando comer cimento\Faculdade\WebII\Trabalho 2\system\Boot.php(68): CodeIgniter\Boot::runCodeIgniter(Object(CodeIgniter\CodeIgniter))
#13 C:\Users\joaop\OneDrive\Documentos\Buscando comer cimento\Faculdade\WebII\Trabalho 2\public\index.php(59): CodeIgniter\Boot::bootWeb(Object(Config\Paths))
#14 {main}
ERROR - 2026-06-12 01:01:16 --> mysqli_sql_exception: Table 'brasil.ufs' doesn't exist in C:\Users\joaop\OneDrive\Documentos\Buscando comer cimento\Faculdade\WebII\Trabalho 2\system\Database\MySQLi\Connection.php:327
Stack trace:
#0 C:\Users\joaop\OneDrive\Documentos\Buscando comer cimento\Faculdade\WebII\Trabalho 2\system\Database\MySQLi\Connection.php(327): mysqli->query('SELECT `id`, `n...', 0)
#1 C:\Users\joaop\OneDrive\Documentos\Buscando comer cimento\Faculdade\WebII\Trabalho 2\system\Database\BaseConnection.php(729): CodeIgniter\Database\MySQLi\Connection->execute('SELECT `id`, `n...')
#2 C:\Users\joaop\OneDrive\Documentos\Buscando comer cimento\Faculdade\WebII\Trabalho 2\system\Database\BaseConnection.php(646): CodeIgniter\Database\BaseConnection->simpleQuery('SELECT `id`, `n...')
#3 C:\Users\joaop\OneDrive\Documentos\Buscando comer cimento\Faculdade\WebII\Trabalho 2\system\Database\BaseBuilder.php(1649): CodeIgniter\Database\BaseConnection->query('SELECT `id`, `n...', Array, false)
#4 C:\Users\joaop\OneDrive\Documentos\Buscando comer cimento\Faculdade\WebII\Trabalho 2\system\Model.php(286): CodeIgniter\Database\BaseBuilder->get()
#5 C:\Users\joaop\OneDrive\Documentos\Buscando comer cimento\Faculdade\WebII\Trabalho 2\system\BaseModel.php(677): CodeIgniter\Model->doFindAll(0, 0)
#6 C:\Users\joaop\OneDrive\Documentos\Buscando comer cimento\Faculdade\WebII\Trabalho 2\app\Services\EstadoService.php(24): CodeIgniter\BaseModel->findAll()
#7 C:\Users\joaop\OneDrive\Documentos\Buscando comer cimento\Faculdade\WebII\Trabalho 2\app\Controllers\Home.php(11): App\Services\EstadoService->getEstados()
#8 C:\Users\joaop\OneDrive\Documentos\Buscando comer cimento\Faculdade\WebII\Trabalho 2\system\CodeIgniter.php(933): App\Controllers\Home->index()
#9 C:\Users\joaop\OneDrive\Documentos\Buscando comer cimento\Faculdade\WebII\Trabalho 2\system\CodeIgniter.php(507): CodeIgniter\CodeIgniter->runController(Object(App\Controllers\Home))
#10 C:\Users\joaop\OneDrive\Documentos\Buscando comer cimento\Faculdade\WebII\Trabalho 2\system\CodeIgniter.php(354): CodeIgniter\CodeIgniter->handleRequest(NULL, Object(Config\Cache), false)
#11 C:\Users\joaop\OneDrive\Documentos\Buscando comer cimento\Faculdade\WebII\Trabalho 2\system\Boot.php(363): CodeIgniter\CodeIgniter->run()
#12 C:\Users\joaop\OneDrive\Documentos\Buscando comer cimento\Faculdade\WebII\Trabalho 2\system\Boot.php(68): CodeIgniter\Boot::runCodeIgniter(Object(CodeIgniter\CodeIgniter))
#13 C:\Users\joaop\OneDrive\Documentos\Buscando comer cimento\Faculdade\WebII\Trabalho 2\public\index.php(59): CodeIgniter\Boot::bootWeb(Object(Config\Paths))
#14 {main}
ERROR - 2026-06-12 01:01:24 --> mysqli_sql_exception: Table 'brasil.ufs' doesn't exist in C:\Users\joaop\OneDrive\Documentos\Buscando comer cimento\Faculdade\WebII\Trabalho 2\system\Database\MySQLi\Connection.php:327
Stack trace:
#0 C:\Users\joaop\OneDrive\Documentos\Buscando comer cimento\Faculdade\WebII\Trabalho 2\system\Database\MySQLi\Connection.php(327): mysqli->query('SELECT `id`, `n...', 0)
#1 C:\Users\joaop\OneDrive\Documentos\Buscando comer cimento\Faculdade\WebII\Trabalho 2\system\Database\BaseConnection.php(729): CodeIgniter\Database\MySQLi\Connection->execute('SELECT `id`, `n...')
#2 C:\Users\joaop\OneDrive\Documentos\Buscando comer cimento\Faculdade\WebII\Trabalho 2\system\Database\BaseConnection.php(646): CodeIgniter\Database\BaseConnection->simpleQuery('SELECT `id`, `n...')
#3 C:\Users\joaop\OneDrive\Documentos\Buscando comer cimento\Faculdade\WebII\Trabalho 2\system\Database\BaseBuilder.php(1649): CodeIgniter\Database\BaseConnection->query('SELECT `id`, `n...', Array, false)
#4 C:\Users\joaop\OneDrive\Documentos\Buscando comer cimento\Faculdade\WebII\Trabalho 2\system\Model.php(286): CodeIgniter\Database\BaseBuilder->get()
#5 C:\Users\joaop\OneDrive\Documentos\Buscando comer cimento\Faculdade\WebII\Trabalho 2\system\BaseModel.php(677): CodeIgniter\Model->doFindAll(0, 0)
#6 C:\Users\joaop\OneDrive\Documentos\Buscando comer cimento\Faculdade\WebII\Trabalho 2\app\Services\EstadoService.php(24): CodeIgniter\BaseModel->findAll()
#7 C:\Users\joaop\OneDrive\Documentos\Buscando comer cimento\Faculdade\WebII\Trabalho 2\app\Controllers\Home.php(11): App\Services\EstadoService->getEstados()
#8 C:\Users\joaop\OneDrive\Documentos\Buscando comer cimento\Faculdade\WebII\Trabalho 2\system\CodeIgniter.php(933): App\Controllers\Home->index()
#9 C:\Users\joaop\OneDrive\Documentos\Buscando comer cimento\Faculdade\WebII\Trabalho 2\system\CodeIgniter.php(507): CodeIgniter\CodeIgniter->runController(Object(App\Controllers\Home))
#10 C:\Users\joaop\OneDrive\Documentos\Buscando comer cimento\Faculdade\WebII\Trabalho 2\system\CodeIgniter.php(354): CodeIgniter\CodeIgniter->handleRequest(NULL, Object(Config\Cache), false)
#11 C:\Users\joaop\OneDrive\Documentos\Buscando comer cimento\Faculdade\WebII\Trabalho 2\system\Boot.php(363): CodeIgniter\CodeIgniter->run()
#12 C:\Users\joaop\OneDrive\Documentos\Buscando comer cimento\Faculdade\WebII\Trabalho 2\system\Boot.php(68): CodeIgniter\Boot::runCodeIgniter(Object(CodeIgniter\CodeIgniter))
#13 C:\Users\joaop\OneDrive\Documentos\Buscando comer cimento\Faculdade\WebII\Trabalho 2\public\index.php(59): CodeIgniter\Boot::bootWeb(Object(Config\Paths))
#14 {main}
ERROR - 2026-06-12 01:02:30 --> mysqli_sql_exception: Table 'brasil.ufs' doesn't exist in C:\Users\joaop\OneDrive\Documentos\Buscando comer cimento\Faculdade\WebII\Trabalho 2\system\Database\MySQLi\Connection.php:327
Stack trace:
#0 C:\Users\joaop\OneDrive\Documentos\Buscando comer cimento\Faculdade\WebII\Trabalho 2\system\Database\MySQLi\Connection.php(327): mysqli->query('SELECT `id`, `n...', 0)
#1 C:\Users\joaop\OneDrive\Documentos\Buscando comer cimento\Faculdade\WebII\Trabalho 2\system\Database\BaseConnection.php(729): CodeIgniter\Database\MySQLi\Connection->execute('SELECT `id`, `n...')
#2 C:\Users\joaop\OneDrive\Documentos\Buscando comer cimento\Faculdade\WebII\Trabalho 2\system\Database\BaseConnection.php(646): CodeIgniter\Database\BaseConnection->simpleQuery('SELECT `id`, `n...')
#3 C:\Users\joaop\OneDrive\Documentos\Buscando comer cimento\Faculdade\WebII\Trabalho 2\system\Database\BaseBuilder.php(1649): CodeIgniter\Database\BaseConnection->query('SELECT `id`, `n...', Array, false)
#4 C:\Users\joaop\OneDrive\Documentos\Buscando comer cimento\Faculdade\WebII\Trabalho 2\system\Model.php(286): CodeIgniter\Database\BaseBuilder->get()
#5 C:\Users\joaop\OneDrive\Documentos\Buscando comer cimento\Faculdade\WebII\Trabalho 2\system\BaseModel.php(677): CodeIgniter\Model->doFindAll(0, 0)
#6 C:\Users\joaop\OneDrive\Documentos\Buscando comer cimento\Faculdade\WebII\Trabalho 2\app\Services\EstadoService.php(24): CodeIgniter\BaseModel->findAll()
#7 C:\Users\joaop\OneDrive\Documentos\Buscando comer cimento\Faculdade\WebII\Trabalho 2\app\Controllers\Home.php(11): App\Services\EstadoService->getEstados()
#8 C:\Users\joaop\OneDrive\Documentos\Buscando comer cimento\Faculdade\WebII\Trabalho 2\system\CodeIgniter.php(933): App\Controllers\Home->index()
#9 C:\Users\joaop\OneDrive\Documentos\Buscando comer cimento\Faculdade\WebII\Trabalho 2\system\CodeIgniter.php(507): CodeIgniter\CodeIgniter->runController(Object(App\Controllers\Home))
#10 C:\Users\joaop\OneDrive\Documentos\Buscando comer cimento\Faculdade\WebII\Trabalho 2\system\CodeIgniter.php(354): CodeIgniter\CodeIgniter->handleRequest(NULL, Object(Config\Cache), false)
#11 C:\Users\joaop\OneDrive\Documentos\Buscando comer cimento\Faculdade\WebII\Trabalho 2\system\Boot.php(363): CodeIgniter\CodeIgniter->run()
#12 C:\Users\joaop\OneDrive\Documentos\Buscando comer cimento\Faculdade\WebII\Trabalho 2\system\Boot.php(68): CodeIgniter\Boot::runCodeIgniter(Object(CodeIgniter\CodeIgniter))
#13 C:\Users\joaop\OneDrive\Documentos\Buscando comer cimento\Faculdade\WebII\Trabalho 2\public\index.php(59): CodeIgniter\Boot::bootWeb(Object(Config\Paths))
#14 {main}
ERROR - 2026-06-12 01:02:34 --> mysqli_sql_exception: Table 'brasil.ufs' doesn't exist in C:\Users\joaop\OneDrive\Documentos\Buscando comer cimento\Faculdade\WebII\Trabalho 2\system\Database\MySQLi\Connection.php:327
Stack trace:
#0 C:\Users\joaop\OneDrive\Documentos\Buscando comer cimento\Faculdade\WebII\Trabalho 2\system\Database\MySQLi\Connection.php(327): mysqli->query('SELECT `id`, `n...', 0)
#1 C:\Users\joaop\OneDrive\Documentos\Buscando comer cimento\Faculdade\WebII\Trabalho 2\system\Database\BaseConnection.php(729): CodeIgniter\Database\MySQLi\Connection->execute('SELECT `id`, `n...')
#2 C:\Users\joaop\OneDrive\Documentos\Buscando comer cimento\Faculdade\WebII\Trabalho 2\system\Database\BaseConnection.php(646): CodeIgniter\Database\BaseConnection->simpleQuery('SELECT `id`, `n...')
#3 C:\Users\joaop\OneDrive\Documentos\Buscando comer cimento\Faculdade\WebII\Trabalho 2\system\Database\BaseBuilder.php(1649): CodeIgniter\Database\BaseConnection->query('SELECT `id`, `n...', Array, false)
#4 C:\Users\joaop\OneDrive\Documentos\Buscando comer cimento\Faculdade\WebII\Trabalho 2\system\Model.php(286): CodeIgniter\Database\BaseBuilder->get()
#5 C:\Users\joaop\OneDrive\Documentos\Buscando comer cimento\Faculdade\WebII\Trabalho 2\system\BaseModel.php(677): CodeIgniter\Model->doFindAll(0, 0)
#6 C:\Users\joaop\OneDrive\Documentos\Buscando comer cimento\Faculdade\WebII\Trabalho 2\app\Services\EstadoService.php(24): CodeIgniter\BaseModel->findAll()
#7 C:\Users\joaop\OneDrive\Documentos\Buscando comer cimento\Faculdade\WebII\Trabalho 2\app\Controllers\Home.php(11): App\Services\EstadoService->getEstados()
#8 C:\Users\joaop\OneDrive\Documentos\Buscando comer cimento\Faculdade\WebII\Trabalho 2\system\CodeIgniter.php(933): App\Controllers\Home->index()
#9 C:\Users\joaop\OneDrive\Documentos\Buscando comer cimento\Faculdade\WebII\Trabalho 2\system\CodeIgniter.php(507): CodeIgniter\CodeIgniter->runController(Object(App\Controllers\Home))
#10 C:\Users\joaop\OneDrive\Documentos\Buscando comer cimento\Faculdade\WebII\Trabalho 2\system\CodeIgniter.php(354): CodeIgniter\CodeIgniter->handleRequest(NULL, Object(Config\Cache), false)
#11 C:\Users\joaop\OneDrive\Documentos\Buscando comer cimento\Faculdade\WebII\Trabalho 2\system\Boot.php(363): CodeIgniter\CodeIgniter->run()
#12 C:\Users\joaop\OneDrive\Documentos\Buscando comer cimento\Faculdade\WebII\Trabalho 2\system\Boot.php(68): CodeIgniter\Boot::runCodeIgniter(Object(CodeIgniter\CodeIgniter))
#13 C:\Users\joaop\OneDrive\Documentos\Buscando comer cimento\Faculdade\WebII\Trabalho 2\public\index.php(59): CodeIgniter\Boot::bootWeb(Object(Config\Paths))
#14 {main}
ERROR - 2026-06-12 01:05:28 --> mysqli_sql_exception: Table 'brasil.ufs' doesn't exist in C:\Users\joaop\OneDrive\Documentos\Buscando comer cimento\Faculdade\WebII\Trabalho 2\system\Database\MySQLi\Connection.php:327
Stack trace:
#0 C:\Users\joaop\OneDrive\Documentos\Buscando comer cimento\Faculdade\WebII\Trabalho 2\system\Database\MySQLi\Connection.php(327): mysqli->query('SELECT `id`, `n...', 0)
#1 C:\Users\joaop\OneDrive\Documentos\Buscando comer cimento\Faculdade\WebII\Trabalho 2\system\Database\BaseConnection.php(729): CodeIgniter\Database\MySQLi\Connection->execute('SELECT `id`, `n...')
#2 C:\Users\joaop\OneDrive\Documentos\Buscando comer cimento\Faculdade\WebII\Trabalho 2\system\Database\BaseConnection.php(646): CodeIgniter\Database\BaseConnection->simpleQuery('SELECT `id`, `n...')
#3 C:\Users\joaop\OneDrive\Documentos\Buscando comer cimento\Faculdade\WebII\Trabalho 2\system\Database\BaseBuilder.php(1649): CodeIgniter\Database\BaseConnection->query('SELECT `id`, `n...', Array, false)
#4 C:\Users\joaop\OneDrive\Documentos\Buscando comer cimento\Faculdade\WebII\Trabalho 2\system\Model.php(286): CodeIgniter\Database\BaseBuilder->get()
#5 C:\Users\joaop\OneDrive\Documentos\Buscando comer cimento\Faculdade\WebII\Trabalho 2\system\BaseModel.php(677): CodeIgniter\Model->doFindAll(0, 0)
#6 C:\Users\joaop\OneDrive\Documentos\Buscando comer cimento\Faculdade\WebII\Trabalho 2\app\Services\EstadoService.php(24): CodeIgniter\BaseModel->findAll()
#7 C:\Users\joaop\OneDrive\Documentos\Buscando comer cimento\Faculdade\WebII\Trabalho 2\app\Controllers\Home.php(11): App\Services\EstadoService->getEstados()
#8 C:\Users\joaop\OneDrive\Documentos\Buscando comer cimento\Faculdade\WebII\Trabalho 2\system\CodeIgniter.php(933): App\Controllers\Home->index()
#9 C:\Users\joaop\OneDrive\Documentos\Buscando comer cimento\Faculdade\WebII\Trabalho 2\system\CodeIgniter.php(507): CodeIgniter\CodeIgniter->runController(Object(App\Controllers\Home))
#10 C:\Users\joaop\OneDrive\Documentos\Buscando comer cimento\Faculdade\WebII\Trabalho 2\system\CodeIgniter.php(354): CodeIgniter\CodeIgniter->handleRequest(NULL, Object(Config\Cache), false)
#11 C:\Users\joaop\OneDrive\Documentos\Buscando comer cimento\Faculdade\WebII\Trabalho 2\system\Boot.php(363): CodeIgniter\CodeIgniter->run()
#12 C:\Users\joaop\OneDrive\Documentos\Buscando comer cimento\Faculdade\WebII\Trabalho 2\system\Boot.php(68): CodeIgniter\Boot::runCodeIgniter(Object(CodeIgniter\CodeIgniter))
#13 C:\Users\joaop\OneDrive\Documentos\Buscando comer cimento\Faculdade\WebII\Trabalho 2\public\index.php(59): CodeIgniter\Boot::bootWeb(Object(Config\Paths))
#14 {main}
ERROR - 2026-06-12 01:08:02 --> mysqli_sql_exception: Table 'brasil.ufs' doesn't exist in C:\Users\joaop\OneDrive\Documentos\Buscando comer cimento\Faculdade\WebII\Trabalho 2\system\Database\MySQLi\Connection.php:327
Stack trace:
#0 C:\Users\joaop\OneDrive\Documentos\Buscando comer cimento\Faculdade\WebII\Trabalho 2\system\Database\MySQLi\Connection.php(327): mysqli->query('SELECT `id`, `n...', 0)
#1 C:\Users\joaop\OneDrive\Documentos\Buscando comer cimento\Faculdade\WebII\Trabalho 2\system\Database\BaseConnection.php(729): CodeIgniter\Database\MySQLi\Connection->execute('SELECT `id`, `n...')
#2 C:\Users\joaop\OneDrive\Documentos\Buscando comer cimento\Faculdade\WebII\Trabalho 2\system\Database\BaseConnection.php(646): CodeIgniter\Database\BaseConnection->simpleQuery('SELECT `id`, `n...')
#3 C:\Users\joaop\OneDrive\Documentos\Buscando comer cimento\Faculdade\WebII\Trabalho 2\system\Database\BaseBuilder.php(1649): CodeIgniter\Database\BaseConnection->query('SELECT `id`, `n...', Array, false)
#4 C:\Users\joaop\OneDrive\Documentos\Buscando comer cimento\Faculdade\WebII\Trabalho 2\system\Model.php(286): CodeIgniter\Database\BaseBuilder->get()
#5 C:\Users\joaop\OneDrive\Documentos\Buscando comer cimento\Faculdade\WebII\Trabalho 2\system\BaseModel.php(677): CodeIgniter\Model->doFindAll(0, 0)
#6 C:\Users\joaop\OneDrive\Documentos\Buscando comer cimento\Faculdade\WebII\Trabalho 2\app\Services\EstadoService.php(24): CodeIgniter\BaseModel->findAll()
#7 C:\Users\joaop\OneDrive\Documentos\Buscando comer cimento\Faculdade\WebII\Trabalho 2\app\Controllers\Home.php(11): App\Services\EstadoService->getEstados()
#8 C:\Users\joaop\OneDrive\Documentos\Buscando comer cimento\Faculdade\WebII\Trabalho 2\system\CodeIgniter.php(933): App\Controllers\Home->index()
#9 C:\Users\joaop\OneDrive\Documentos\Buscando comer cimento\Faculdade\WebII\Trabalho 2\system\CodeIgniter.php(507): CodeIgniter\CodeIgniter->runController(Object(App\Controllers\Home))
#10 C:\Users\joaop\OneDrive\Documentos\Buscando comer cimento\Faculdade\WebII\Trabalho 2\system\CodeIgniter.php(354): CodeIgniter\CodeIgniter->handleRequest(NULL, Object(Config\Cache), false)
#11 C:\Users\joaop\OneDrive\Documentos\Buscando comer cimento\Faculdade\WebII\Trabalho 2\system\Boot.php(363): CodeIgniter\CodeIgniter->run()
#12 C:\Users\joaop\OneDrive\Documentos\Buscando comer cimento\Faculdade\WebII\Trabalho 2\system\Boot.php(68): CodeIgniter\Boot::runCodeIgniter(Object(CodeIgniter\CodeIgniter))
#13 C:\Users\joaop\OneDrive\Documentos\Buscando comer cimento\Faculdade\WebII\Trabalho 2\public\index.php(59): CodeIgniter\Boot::bootWeb(Object(Config\Paths))
#14 {main}
ERROR - 2026-06-12 01:10:03 --> Error connecting to the database: mysqli_sql_exception: Unknown database 'brasi' in C:\Users\joaop\OneDrive\Documentos\Buscando comer cimento\Faculdade\WebII\Trabalho 2\system\Database\MySQLi\Connection.php:201
Stack trace:
#0 C:\Users\joaop\OneDrive\Documentos\Buscando comer cimento\Faculdade\WebII\Trabalho 2\system\Database\MySQLi\Connection.php(201): mysqli->real_connect('localhost', 'root', Object(SensitiveParameterValue), 'brasi', 3306, '', 0)
#1 C:\Users\joaop\OneDrive\Documentos\Buscando comer cimento\Faculdade\WebII\Trabalho 2\system\Database\BaseConnection.php(419): CodeIgniter\Database\MySQLi\Connection->connect(false)
#2 C:\Users\joaop\OneDrive\Documentos\Buscando comer cimento\Faculdade\WebII\Trabalho 2\system\Database\BaseConnection.php(614): CodeIgniter\Database\BaseConnection->initialize()
#3 C:\Users\joaop\OneDrive\Documentos\Buscando comer cimento\Faculdade\WebII\Trabalho 2\system\Database\BaseBuilder.php(1649): CodeIgniter\Database\BaseConnection->query('SELECT `id`, `n...', Array, false)
#4 C:\Users\joaop\OneDrive\Documentos\Buscando comer cimento\Faculdade\WebII\Trabalho 2\system\Model.php(286): CodeIgniter\Database\BaseBuilder->get()
#5 C:\Users\joaop\OneDrive\Documentos\Buscando comer cimento\Faculdade\WebII\Trabalho 2\system\BaseModel.php(677): CodeIgniter\Model->doFindAll(0, 0)
#6 C:\Users\joaop\OneDrive\Documentos\Buscando comer cimento\Faculdade\WebII\Trabalho 2\app\Services\EstadoService.php(24): CodeIgniter\BaseModel->findAll()
#7 C:\Users\joaop\OneDrive\Documentos\Buscando comer cimento\Faculdade\WebII\Trabalho 2\app\Controllers\Home.php(11): App\Services\EstadoService->getEstados()
#8 C:\Users\joaop\OneDrive\Documentos\Buscando comer cimento\Faculdade\WebII\Trabalho 2\system\CodeIgniter.php(933): App\Controllers\Home->index()
#9 C:\Users\joaop\OneDrive\Documentos\Buscando comer cimento\Faculdade\WebII\Trabalho 2\system\CodeIgniter.php(507): CodeIgniter\CodeIgniter->runController(Object(App\Controllers\Home))
#10 C:\Users\joaop\OneDrive\Documentos\Buscando comer cimento\Faculdade\WebII\Trabalho 2\system\CodeIgniter.php(354): CodeIgniter\CodeIgniter->handleRequest(NULL, Object(Config\Cache), false)
#11 C:\Users\joaop\OneDrive\Documentos\Buscando comer cimento\Faculdade\WebII\Trabalho 2\system\Boot.php(363): CodeIgniter\CodeIgniter->run()
#12 C:\Users\joaop\OneDrive\Documentos\Buscando comer cimento\Faculdade\WebII\Trabalho 2\system\Boot.php(68): CodeIgniter\Boot::runCodeIgniter(Object(CodeIgniter\CodeIgniter))
#13 C:\Users\joaop\OneDrive\Documentos\Buscando comer cimento\Faculdade\WebII\Trabalho 2\public\index.php(59): CodeIgniter\Boot::bootWeb(Object(Config\Paths))
#14 {main}

Next CodeIgniter\Database\Exceptions\DatabaseException: Unknown database 'brasi' in C:\Users\joaop\OneDrive\Documentos\Buscando comer cimento\Faculdade\WebII\Trabalho 2\system\Database\MySQLi\Connection.php:246
Stack trace:
#0 C:\Users\joaop\OneDrive\Documentos\Buscando comer cimento\Faculdade\WebII\Trabalho 2\system\Database\BaseConnection.php(419): CodeIgniter\Database\MySQLi\Connection->connect(false)
#1 C:\Users\joaop\OneDrive\Documentos\Buscando comer cimento\Faculdade\WebII\Trabalho 2\system\Database\BaseConnection.php(614): CodeIgniter\Database\BaseConnection->initialize()
#2 C:\Users\joaop\OneDrive\Documentos\Buscando comer cimento\Faculdade\WebII\Trabalho 2\system\Database\BaseBuilder.php(1649): CodeIgniter\Database\BaseConnection->query('SELECT `id`, `n...', Array, false)
#3 C:\Users\joaop\OneDrive\Documentos\Buscando comer cimento\Faculdade\WebII\Trabalho 2\system\Model.php(286): CodeIgniter\Database\BaseBuilder->get()
#4 C:\Users\joaop\OneDrive\Documentos\Buscando comer cimento\Faculdade\WebII\Trabalho 2\system\BaseModel.php(677): CodeIgniter\Model->doFindAll(0, 0)
#5 C:\Users\joaop\OneDrive\Documentos\Buscando comer cimento\Faculdade\WebII\Trabalho 2\app\Services\EstadoService.php(24): CodeIgniter\BaseModel->findAll()
#6 C:\Users\joaop\OneDrive\Documentos\Buscando comer cimento\Faculdade\WebII\Trabalho 2\app\Controllers\Home.php(11): App\Services\EstadoService->getEstados()
#7 C:\Users\joaop\OneDrive\Documentos\Buscando comer cimento\Faculdade\WebII\Trabalho 2\system\CodeIgniter.php(933): App\Controllers\Home->index()
#8 C:\Users\joaop\OneDrive\Documentos\Buscando comer cimento\Faculdade\WebII\Trabalho 2\system\CodeIgniter.php(507): CodeIgniter\CodeIgniter->runController(Object(App\Controllers\Home))
#9 C:\Users\joaop\OneDrive\Documentos\Buscando comer cimento\Faculdade\WebII\Trabalho 2\system\CodeIgniter.php(354): CodeIgniter\CodeIgniter->handleRequest(NULL, Object(Config\Cache), false)
#10 C:\Users\joaop\OneDrive\Documentos\Buscando comer cimento\Faculdade\WebII\Trabalho 2\system\Boot.php(363): CodeIgniter\CodeIgniter->run()
#11 C:\Users\joaop\OneDrive\Documentos\Buscando comer cimento\Faculdade\WebII\Trabalho 2\system\Boot.php(68): CodeIgniter\Boot::runCodeIgniter(Object(CodeIgniter\CodeIgniter))
#12 C:\Users\joaop\OneDrive\Documentos\Buscando comer cimento\Faculdade\WebII\Trabalho 2\public\index.php(59): CodeIgniter\Boot::bootWeb(Object(Config\Paths))
#13 {main}
ERROR - 2026-06-12 01:12:36 --> mysqli_sql_exception: Table 'brasil.ufs' doesn't exist in C:\Users\joaop\OneDrive\Documentos\Buscando comer cimento\Faculdade\WebII\Trabalho 2\system\Database\MySQLi\Connection.php:327
Stack trace:
#0 C:\Users\joaop\OneDrive\Documentos\Buscando comer cimento\Faculdade\WebII\Trabalho 2\system\Database\MySQLi\Connection.php(327): mysqli->query('SELECT `id`, `n...', 0)
#1 C:\Users\joaop\OneDrive\Documentos\Buscando comer cimento\Faculdade\WebII\Trabalho 2\system\Database\BaseConnection.php(729): CodeIgniter\Database\MySQLi\Connection->execute('SELECT `id`, `n...')
#2 C:\Users\joaop\OneDrive\Documentos\Buscando comer cimento\Faculdade\WebII\Trabalho 2\system\Database\BaseConnection.php(646): CodeIgniter\Database\BaseConnection->simpleQuery('SELECT `id`, `n...')
#3 C:\Users\joaop\OneDrive\Documentos\Buscando comer cimento\Faculdade\WebII\Trabalho 2\system\Database\BaseBuilder.php(1649): CodeIgniter\Database\BaseConnection->query('SELECT `id`, `n...', Array, false)
#4 C:\Users\joaop\OneDrive\Documentos\Buscando comer cimento\Faculdade\WebII\Trabalho 2\system\Model.php(286): CodeIgniter\Database\BaseBuilder->get()
#5 C:\Users\joaop\OneDrive\Documentos\Buscando comer cimento\Faculdade\WebII\Trabalho 2\system\BaseModel.php(677): CodeIgniter\Model->doFindAll(0, 0)
#6 C:\Users\joaop\OneDrive\Documentos\Buscando comer cimento\Faculdade\WebII\Trabalho 2\app\Services\EstadoService.php(24): CodeIgniter\BaseModel->findAll()
#7 C:\Users\joaop\OneDrive\Documentos\Buscando comer cimento\Faculdade\WebII\Trabalho 2\app\Controllers\Home.php(15): App\Services\EstadoService->getEstados()
#8 C:\Users\joaop\OneDrive\Documentos\Buscando comer cimento\Faculdade\WebII\Trabalho 2\system\CodeIgniter.php(933): App\Controllers\Home->index()
#9 C:\Users\joaop\OneDrive\Documentos\Buscando comer cimento\Faculdade\WebII\Trabalho 2\system\CodeIgniter.php(507): CodeIgniter\CodeIgniter->runController(Object(App\Controllers\Home))
#10 C:\Users\joaop\OneDrive\Documentos\Buscando comer cimento\Faculdade\WebII\Trabalho 2\system\CodeIgniter.php(354): CodeIgniter\CodeIgniter->handleRequest(NULL, Object(Config\Cache), false)
#11 C:\Users\joaop\OneDrive\Documentos\Buscando comer cimento\Faculdade\WebII\Trabalho 2\system\Boot.php(363): CodeIgniter\CodeIgniter->run()
#12 C:\Users\joaop\OneDrive\Documentos\Buscando comer cimento\Faculdade\WebII\Trabalho 2\system\Boot.php(68): CodeIgniter\Boot::runCodeIgniter(Object(CodeIgniter\CodeIgniter))
#13 C:\Users\joaop\OneDrive\Documentos\Buscando comer cimento\Faculdade\WebII\Trabalho 2\public\index.php(59): CodeIgniter\Boot::bootWeb(Object(Config\Paths))
#14 {main}
ERROR - 2026-06-12 01:15:43 --> mysqli_sql_exception: Table 'brasil.ufs' doesn't exist in C:\Users\joaop\OneDrive\Documentos\Buscando comer cimento\Faculdade\WebII\Trabalho 2\system\Database\MySQLi\Connection.php:327
Stack trace:
#0 C:\Users\joaop\OneDrive\Documentos\Buscando comer cimento\Faculdade\WebII\Trabalho 2\system\Database\MySQLi\Connection.php(327): mysqli->query('SELECT `id`, `n...', 0)
#1 C:\Users\joaop\OneDrive\Documentos\Buscando comer cimento\Faculdade\WebII\Trabalho 2\system\Database\BaseConnection.php(729): CodeIgniter\Database\MySQLi\Connection->execute('SELECT `id`, `n...')
#2 C:\Users\joaop\OneDrive\Documentos\Buscando comer cimento\Faculdade\WebII\Trabalho 2\system\Database\BaseConnection.php(646): CodeIgniter\Database\BaseConnection->simpleQuery('SELECT `id`, `n...')
#3 C:\Users\joaop\OneDrive\Documentos\Buscando comer cimento\Faculdade\WebII\Trabalho 2\system\Database\BaseBuilder.php(1649): CodeIgniter\Database\BaseConnection->query('SELECT `id`, `n...', Array, false)
#4 C:\Users\joaop\OneDrive\Documentos\Buscando comer cimento\Faculdade\WebII\Trabalho 2\system\Model.php(286): CodeIgniter\Database\BaseBuilder->get()
#5 C:\Users\joaop\OneDrive\Documentos\Buscando comer cimento\Faculdade\WebII\Trabalho 2\system\BaseModel.php(677): CodeIgniter\Model->doFindAll(0, 0)
#6 C:\Users\joaop\OneDrive\Documentos\Buscando comer cimento\Faculdade\WebII\Trabalho 2\app\Services\EstadoService.php(24): CodeIgniter\BaseModel->findAll()
#7 C:\Users\joaop\OneDrive\Documentos\Buscando comer cimento\Faculdade\WebII\Trabalho 2\app\Controllers\Home.php(15): App\Services\EstadoService->getEstados()
#8 C:\Users\joaop\OneDrive\Documentos\Buscando comer cimento\Faculdade\WebII\Trabalho 2\system\CodeIgniter.php(933): App\Controllers\Home->index()
#9 C:\Users\joaop\OneDrive\Documentos\Buscando comer cimento\Faculdade\WebII\Trabalho 2\system\CodeIgniter.php(507): CodeIgniter\CodeIgniter->runController(Object(App\Controllers\Home))
#10 C:\Users\joaop\OneDrive\Documentos\Buscando comer cimento\Faculdade\WebII\Trabalho 2\system\CodeIgniter.php(354): CodeIgniter\CodeIgniter->handleRequest(NULL, Object(Config\Cache), false)
#11 C:\Users\joaop\OneDrive\Documentos\Buscando comer cimento\Faculdade\WebII\Trabalho 2\system\Boot.php(363): CodeIgniter\CodeIgniter->run()
#12 C:\Users\joaop\OneDrive\Documentos\Buscando comer cimento\Faculdade\WebII\Trabalho 2\system\Boot.php(68): CodeIgniter\Boot::runCodeIgniter(Object(CodeIgniter\CodeIgniter))
#13 C:\Users\joaop\OneDrive\Documentos\Buscando comer cimento\Faculdade\WebII\Trabalho 2\public\index.php(59): CodeIgniter\Boot::bootWeb(Object(Config\Paths))
#14 {main}
CRITICAL - 2026-06-12 01:21:50 --> Error: Class "App\Models\EstadoModel" not found
[Method: GET, Route: /]
in APPPATH\Services\EstadoService.php on line 13.
 1 APPPATH\Config\Services.php(39): App\Services\EstadoService->__construct()
 2 SYSTEMPATH\Config\BaseService.php(251): Config\Services::estado(false)
 3 APPPATH\Config\Services.php(36): CodeIgniter\Config\BaseService::getSharedInstance('estado')
 4 SYSTEMPATH\Config\BaseService.php(321): Config\Services::estado()
 5 SYSTEMPATH\Config\BaseService.php(202): CodeIgniter\Config\BaseService::__callStatic('estado', [])
 6 SYSTEMPATH\Common.php(1027): CodeIgniter\Config\BaseService::get('estado')
 7 APPPATH\Controllers\Home.php(11): service('estado')
 8 SYSTEMPATH\CodeIgniter.php(933): App\Controllers\Home->index()
 9 SYSTEMPATH\CodeIgniter.php(507): CodeIgniter\CodeIgniter->runController(Object(App\Controllers\Home))
10 SYSTEMPATH\CodeIgniter.php(354): CodeIgniter\CodeIgniter->handleRequest(null, Object(Config\Cache), false)
11 SYSTEMPATH\Boot.php(363): CodeIgniter\CodeIgniter->run()
12 SYSTEMPATH\Boot.php(68): CodeIgniter\Boot::runCodeIgniter(Object(CodeIgniter\CodeIgniter))
13 FCPATH\index.php(59): CodeIgniter\Boot::bootWeb(Object(Config\Paths))
CRITICAL - 2026-06-12 01:23:56 --> ErrorException: Undefined variable $estado
[Method: GET, Route: /]
in APPPATH\Views\index.php on line 237.
 1 APPPATH\Views\index.php(237): CodeIgniter\Debug\Exceptions->errorHandler(2, 'Undefined variable $estado', 'C:\\Users\\joaop\\OneDrive\\Documentos\\Buscando comer cimento\\Faculdade\\WebII\\Trabalho 2\\app\\Views\\index.php', 237)
 2 SYSTEMPATH\View\View.php(226): include('C:\\Users\\joaop\\OneDrive\\Documentos\\Buscando comer cimento\\Faculdade\\WebII\\Trabalho 2\\app\\Views\\index.php')
 3 SYSTEMPATH\View\View.php(229): CodeIgniter\View\View->CodeIgniter\View\{closure}()
 4 SYSTEMPATH\Common.php(1199): CodeIgniter\View\View->render('index', [], true)
 5 APPPATH\Controllers\Home.php(26): view('index', [...])
 6 SYSTEMPATH\CodeIgniter.php(933): App\Controllers\Home->index()
 7 SYSTEMPATH\CodeIgniter.php(507): CodeIgniter\CodeIgniter->runController(Object(App\Controllers\Home))
 8 SYSTEMPATH\CodeIgniter.php(354): CodeIgniter\CodeIgniter->handleRequest(null, Object(Config\Cache), false)
 9 SYSTEMPATH\Boot.php(363): CodeIgniter\CodeIgniter->run()
10 SYSTEMPATH\Boot.php(68): CodeIgniter\Boot::runCodeIgniter(Object(CodeIgniter\CodeIgniter))
11 FCPATH\index.php(59): CodeIgniter\Boot::bootWeb(Object(Config\Paths))
CRITICAL - 2026-06-12 01:28:28 --> CodeIgniter\Exceptions\LogicException: No validation rules for the placeholder: "id". You must set the validation rules for the field. See <https://codeigniter4.github.io/userguide/libraries/validation.html#validation-placeholders>.
[Method: POST, Route: clientes/salvar]
in SYSTEMPATH\Validation\Validation.php on line 803.
 1 SYSTEMPATH\Validation\Validation.php(155): CodeIgniter\Validation\Validation->fillPlaceholders([...], [...])
 2 SYSTEMPATH\BaseModel.php(1543): CodeIgniter\Validation\Validation->run([...], null, null)
 3 SYSTEMPATH\BaseModel.php(807): CodeIgniter\BaseModel->validate([...])
 4 SYSTEMPATH\Model.php(797): CodeIgniter\BaseModel->insert([...], false)
 5 SYSTEMPATH\BaseModel.php(751): CodeIgniter\Model->insert([...], false)
 6 APPPATH\Controllers\Clientes.php(24): CodeIgniter\BaseModel->save([...])
 7 SYSTEMPATH\CodeIgniter.php(933): App\Controllers\Clientes->salvar()
 8 SYSTEMPATH\CodeIgniter.php(507): CodeIgniter\CodeIgniter->runController(Object(App\Controllers\Clientes))
 9 SYSTEMPATH\CodeIgniter.php(354): CodeIgniter\CodeIgniter->handleRequest(null, Object(Config\Cache), false)
10 SYSTEMPATH\Boot.php(363): CodeIgniter\CodeIgniter->run()
11 SYSTEMPATH\Boot.php(68): CodeIgniter\Boot::runCodeIgniter(Object(CodeIgniter\CodeIgniter))
12 FCPATH\index.php(59): CodeIgniter\Boot::bootWeb(Object(Config\Paths))
CRITICAL - 2026-06-12 01:28:35 --> CodeIgniter\Exceptions\LogicException: No validation rules for the placeholder: "id". You must set the validation rules for the field. See <https://codeigniter4.github.io/userguide/libraries/validation.html#validation-placeholders>.
[Method: POST, Route: clientes/salvar]
in SYSTEMPATH\Validation\Validation.php on line 803.
 1 SYSTEMPATH\Validation\Validation.php(155): CodeIgniter\Validation\Validation->fillPlaceholders([...], [...])
 2 SYSTEMPATH\BaseModel.php(1543): CodeIgniter\Validation\Validation->run([...], null, null)
 3 SYSTEMPATH\BaseModel.php(807): CodeIgniter\BaseModel->validate([...])
 4 SYSTEMPATH\Model.php(797): CodeIgniter\BaseModel->insert([...], false)
 5 SYSTEMPATH\BaseModel.php(751): CodeIgniter\Model->insert([...], false)
 6 APPPATH\Controllers\Clientes.php(24): CodeIgniter\BaseModel->save([...])
 7 SYSTEMPATH\CodeIgniter.php(933): App\Controllers\Clientes->salvar()
 8 SYSTEMPATH\CodeIgniter.php(507): CodeIgniter\CodeIgniter->runController(Object(App\Controllers\Clientes))
 9 SYSTEMPATH\CodeIgniter.php(354): CodeIgniter\CodeIgniter->handleRequest(null, Object(Config\Cache), false)
10 SYSTEMPATH\Boot.php(363): CodeIgniter\CodeIgniter->run()
11 SYSTEMPATH\Boot.php(68): CodeIgniter\Boot::runCodeIgniter(Object(CodeIgniter\CodeIgniter))
12 FCPATH\index.php(59): CodeIgniter\Boot::bootWeb(Object(Config\Paths))
CRITICAL - 2026-06-12 01:28:58 --> CodeIgniter\Exceptions\LogicException: No validation rules for the placeholder: "id". You must set the validation rules for the field. See <https://codeigniter4.github.io/userguide/libraries/validation.html#validation-placeholders>.
[Method: POST, Route: clientes/salvar]
in SYSTEMPATH\Validation\Validation.php on line 803.
 1 SYSTEMPATH\Validation\Validation.php(155): CodeIgniter\Validation\Validation->fillPlaceholders([...], [...])
 2 SYSTEMPATH\BaseModel.php(1543): CodeIgniter\Validation\Validation->run([...], null, null)
 3 SYSTEMPATH\BaseModel.php(807): CodeIgniter\BaseModel->validate([...])
 4 SYSTEMPATH\Model.php(797): CodeIgniter\BaseModel->insert([...], false)
 5 SYSTEMPATH\BaseModel.php(751): CodeIgniter\Model->insert([...], false)
 6 APPPATH\Controllers\Clientes.php(24): CodeIgniter\BaseModel->save([...])
 7 SYSTEMPATH\CodeIgniter.php(933): App\Controllers\Clientes->salvar()
 8 SYSTEMPATH\CodeIgniter.php(507): CodeIgniter\CodeIgniter->runController(Object(App\Controllers\Clientes))
 9 SYSTEMPATH\CodeIgniter.php(354): CodeIgniter\CodeIgniter->handleRequest(null, Object(Config\Cache), false)
10 SYSTEMPATH\Boot.php(363): CodeIgniter\CodeIgniter->run()
11 SYSTEMPATH\Boot.php(68): CodeIgniter\Boot::runCodeIgniter(Object(CodeIgniter\CodeIgniter))
12 FCPATH\index.php(59): CodeIgniter\Boot::bootWeb(Object(Config\Paths))
ERROR - 2026-06-12 01:44:12 --> mysqli_sql_exception: Table 'brasil.clientes' doesn't exist in C:\Users\wfabi\OneDrive\Documentos\Programacao\WEB-II\014\system\Database\MySQLi\Connection.php:327
Stack trace:
#0 C:\Users\wfabi\OneDrive\Documentos\Programacao\WEB-II\014\system\Database\MySQLi\Connection.php(327): mysqli->query('SELECT `cliente...', 0)
#1 C:\Users\wfabi\OneDrive\Documentos\Programacao\WEB-II\014\system\Database\BaseConnection.php(729): CodeIgniter\Database\MySQLi\Connection->execute('SELECT `cliente...')
#2 C:\Users\wfabi\OneDrive\Documentos\Programacao\WEB-II\014\system\Database\BaseConnection.php(646): CodeIgniter\Database\BaseConnection->simpleQuery('SELECT `cliente...')
#3 C:\Users\wfabi\OneDrive\Documentos\Programacao\WEB-II\014\system\Database\BaseBuilder.php(1649): CodeIgniter\Database\BaseConnection->query('SELECT `cliente...', Array, false)
#4 C:\Users\wfabi\OneDrive\Documentos\Programacao\WEB-II\014\system\Model.php(286): CodeIgniter\Database\BaseBuilder->get()
#5 C:\Users\wfabi\OneDrive\Documentos\Programacao\WEB-II\014\system\BaseModel.php(677): CodeIgniter\Model->doFindAll(0, 0)
#6 C:\Users\wfabi\OneDrive\Documentos\Programacao\WEB-II\014\app\Models\ClienteModel.php(32): CodeIgniter\BaseModel->findAll()
#7 C:\Users\wfabi\OneDrive\Documentos\Programacao\WEB-II\014\app\Controllers\Home.php(24): App\Models\ClienteModel->getAllClientes()
#8 C:\Users\wfabi\OneDrive\Documentos\Programacao\WEB-II\014\system\CodeIgniter.php(933): App\Controllers\Home->index()
#9 C:\Users\wfabi\OneDrive\Documentos\Programacao\WEB-II\014\system\CodeIgniter.php(507): CodeIgniter\CodeIgniter->runController(Object(App\Controllers\Home))
#10 C:\Users\wfabi\OneDrive\Documentos\Programacao\WEB-II\014\system\CodeIgniter.php(354): CodeIgniter\CodeIgniter->handleRequest(NULL, Object(Config\Cache), false)
#11 C:\Users\wfabi\OneDrive\Documentos\Programacao\WEB-II\014\system\Boot.php(363): CodeIgniter\CodeIgniter->run()
#12 C:\Users\wfabi\OneDrive\Documentos\Programacao\WEB-II\014\system\Boot.php(68): CodeIgniter\Boot::runCodeIgniter(Object(CodeIgniter\CodeIgniter))
#13 C:\Users\wfabi\OneDrive\Documentos\Programacao\WEB-II\014\public\index.php(59): CodeIgniter\Boot::bootWeb(Object(Config\Paths))
#14 {main}
CRITICAL - 2026-06-12 01:44:12 --> CodeIgniter\Database\Exceptions\DatabaseException: Table 'brasil.clientes' doesn't exist
[Method: GET, Route: /]
in SYSTEMPATH\Database\BaseConnection.php on line 684.
 1 SYSTEMPATH\Database\BaseBuilder.php(1649): CodeIgniter\Database\BaseConnection->query('SELECT `clientes`.*, `estados`.`nome` as `estado_nome`, `municipios`.`nome` as `cidade_nome`
FROM `clientes`
LEFT JOIN `estados` ON `estados`.`id` = `clientes`.`estado_id`
LEFT JOIN `municipios` ON `municipios`.`id` = `clientes`.`cidade_id`
ORDER BY `clientes`.`id` DESC', [], false)
 2 SYSTEMPATH\Model.php(286): CodeIgniter\Database\BaseBuilder->get()
 3 SYSTEMPATH\BaseModel.php(677): CodeIgniter\Model->doFindAll(0, 0)
 4 APPPATH\Models\ClienteModel.php(32): CodeIgniter\BaseModel->findAll()
 5 APPPATH\Controllers\Home.php(24): App\Models\ClienteModel->getAllClientes()
 6 SYSTEMPATH\CodeIgniter.php(933): App\Controllers\Home->index()
 7 SYSTEMPATH\CodeIgniter.php(507): CodeIgniter\CodeIgniter->runController(Object(App\Controllers\Home))
 8 SYSTEMPATH\CodeIgniter.php(354): CodeIgniter\CodeIgniter->handleRequest(null, Object(Config\Cache), false)
 9 SYSTEMPATH\Boot.php(363): CodeIgniter\CodeIgniter->run()
10 SYSTEMPATH\Boot.php(68): CodeIgniter\Boot::runCodeIgniter(Object(CodeIgniter\CodeIgniter))
11 FCPATH\index.php(59): CodeIgniter\Boot::bootWeb(Object(Config\Paths))
CRITICAL - 2026-06-12 01:44:12 --> [Caused by] CodeIgniter\Database\Exceptions\DatabaseException: Table 'brasil.clientes' doesn't exist
in SYSTEMPATH\Database\MySQLi\Connection.php on line 332.
 1 SYSTEMPATH\Database\BaseConnection.php(729): CodeIgniter\Database\MySQLi\Connection->execute('SELECT `clientes`.*, `estados`.`nome` as `estado_nome`, `municipios`.`nome` as `cidade_nome`
FROM `clientes`
LEFT JOIN `estados` ON `estados`.`id` = `clientes`.`estado_id`
LEFT JOIN `municipios` ON `municipios`.`id` = `clientes`.`cidade_id`
ORDER BY `clientes`.`id` DESC')
 2 SYSTEMPATH\Database\BaseConnection.php(646): CodeIgniter\Database\BaseConnection->simpleQuery('SELECT `clientes`.*, `estados`.`nome` as `estado_nome`, `municipios`.`nome` as `cidade_nome`
FROM `clientes`
LEFT JOIN `estados` ON `estados`.`id` = `clientes`.`estado_id`
LEFT JOIN `municipios` ON `municipios`.`id` = `clientes`.`cidade_id`
ORDER BY `clientes`.`id` DESC')
 3 SYSTEMPATH\Database\BaseBuilder.php(1649): CodeIgniter\Database\BaseConnection->query('SELECT `clientes`.*, `estados`.`nome` as `estado_nome`, `municipios`.`nome` as `cidade_nome`
FROM `clientes`
LEFT JOIN `estados` ON `estados`.`id` = `clientes`.`estado_id`
LEFT JOIN `municipios` ON `municipios`.`id` = `clientes`.`cidade_id`
ORDER BY `clientes`.`id` DESC', [], false)
 4 SYSTEMPATH\Model.php(286): CodeIgniter\Database\BaseBuilder->get()
 5 SYSTEMPATH\BaseModel.php(677): CodeIgniter\Model->doFindAll(0, 0)
 6 APPPATH\Models\ClienteModel.php(32): CodeIgniter\BaseModel->findAll()
 7 APPPATH\Controllers\Home.php(24): App\Models\ClienteModel->getAllClientes()
 8 SYSTEMPATH\CodeIgniter.php(933): App\Controllers\Home->index()
 9 SYSTEMPATH\CodeIgniter.php(507): CodeIgniter\CodeIgniter->runController(Object(App\Controllers\Home))
10 SYSTEMPATH\CodeIgniter.php(354): CodeIgniter\CodeIgniter->handleRequest(null, Object(Config\Cache), false)
11 SYSTEMPATH\Boot.php(363): CodeIgniter\CodeIgniter->run()
12 SYSTEMPATH\Boot.php(68): CodeIgniter\Boot::runCodeIgniter(Object(CodeIgniter\CodeIgniter))
13 FCPATH\index.php(59): CodeIgniter\Boot::bootWeb(Object(Config\Paths))
CRITICAL - 2026-06-12 01:44:12 --> [Caused by] mysqli_sql_exception: Table 'brasil.clientes' doesn't exist
in SYSTEMPATH\Database\MySQLi\Connection.php on line 327.
 1 SYSTEMPATH\Database\MySQLi\Connection.php(327): mysqli->query('SELECT `clientes`.*, `estados`.`nome` as `estado_nome`, `municipios`.`nome` as `cidade_nome`
FROM `clientes`
LEFT JOIN `estados` ON `estados`.`id` = `clientes`.`estado_id`
LEFT JOIN `municipios` ON `municipios`.`id` = `clientes`.`cidade_id`
ORDER BY `clientes`.`id` DESC', 0)
 2 SYSTEMPATH\Database\BaseConnection.php(729): CodeIgniter\Database\MySQLi\Connection->execute('SELECT `clientes`.*, `estados`.`nome` as `estado_nome`, `municipios`.`nome` as `cidade_nome`
FROM `clientes`
LEFT JOIN `estados` ON `estados`.`id` = `clientes`.`estado_id`
LEFT JOIN `municipios` ON `municipios`.`id` = `clientes`.`cidade_id`
ORDER BY `clientes`.`id` DESC')
 3 SYSTEMPATH\Database\BaseConnection.php(646): CodeIgniter\Database\BaseConnection->simpleQuery('SELECT `clientes`.*, `estados`.`nome` as `estado_nome`, `municipios`.`nome` as `cidade_nome`
FROM `clientes`
LEFT JOIN `estados` ON `estados`.`id` = `clientes`.`estado_id`
LEFT JOIN `municipios` ON `municipios`.`id` = `clientes`.`cidade_id`
ORDER BY `clientes`.`id` DESC')
 4 SYSTEMPATH\Database\BaseBuilder.php(1649): CodeIgniter\Database\BaseConnection->query('SELECT `clientes`.*, `estados`.`nome` as `estado_nome`, `municipios`.`nome` as `cidade_nome`
FROM `clientes`
LEFT JOIN `estados` ON `estados`.`id` = `clientes`.`estado_id`
LEFT JOIN `municipios` ON `municipios`.`id` = `clientes`.`cidade_id`
ORDER BY `clientes`.`id` DESC', [], false)
 5 SYSTEMPATH\Model.php(286): CodeIgniter\Database\BaseBuilder->get()
 6 SYSTEMPATH\BaseModel.php(677): CodeIgniter\Model->doFindAll(0, 0)
 7 APPPATH\Models\ClienteModel.php(32): CodeIgniter\BaseModel->findAll()
 8 APPPATH\Controllers\Home.php(24): App\Models\ClienteModel->getAllClientes()
 9 SYSTEMPATH\CodeIgniter.php(933): App\Controllers\Home->index()
10 SYSTEMPATH\CodeIgniter.php(507): CodeIgniter\CodeIgniter->runController(Object(App\Controllers\Home))
11 SYSTEMPATH\CodeIgniter.php(354): CodeIgniter\CodeIgniter->handleRequest(null, Object(Config\Cache), false)
12 SYSTEMPATH\Boot.php(363): CodeIgniter\CodeIgniter->run()
13 SYSTEMPATH\Boot.php(68): CodeIgniter\Boot::runCodeIgniter(Object(CodeIgniter\CodeIgniter))
14 FCPATH\index.php(59): CodeIgniter\Boot::bootWeb(Object(Config\Paths))
ERROR - 2026-06-12 01:44:48 --> mysqli_sql_exception: Table 'brasil.clientes' doesn't exist in C:\Users\wfabi\OneDrive\Documentos\Programacao\WEB-II\014\system\Database\MySQLi\Connection.php:327
Stack trace:
#0 C:\Users\wfabi\OneDrive\Documentos\Programacao\WEB-II\014\system\Database\MySQLi\Connection.php(327): mysqli->query('SELECT `cliente...', 0)
#1 C:\Users\wfabi\OneDrive\Documentos\Programacao\WEB-II\014\system\Database\BaseConnection.php(729): CodeIgniter\Database\MySQLi\Connection->execute('SELECT `cliente...')
#2 C:\Users\wfabi\OneDrive\Documentos\Programacao\WEB-II\014\system\Database\BaseConnection.php(646): CodeIgniter\Database\BaseConnection->simpleQuery('SELECT `cliente...')
#3 C:\Users\wfabi\OneDrive\Documentos\Programacao\WEB-II\014\system\Database\BaseBuilder.php(1649): CodeIgniter\Database\BaseConnection->query('SELECT `cliente...', Array, false)
#4 C:\Users\wfabi\OneDrive\Documentos\Programacao\WEB-II\014\system\Model.php(286): CodeIgniter\Database\BaseBuilder->get()
#5 C:\Users\wfabi\OneDrive\Documentos\Programacao\WEB-II\014\system\BaseModel.php(677): CodeIgniter\Model->doFindAll(0, 0)
#6 C:\Users\wfabi\OneDrive\Documentos\Programacao\WEB-II\014\app\Models\ClienteModel.php(32): CodeIgniter\BaseModel->findAll()
#7 C:\Users\wfabi\OneDrive\Documentos\Programacao\WEB-II\014\app\Controllers\Home.php(24): App\Models\ClienteModel->getAllClientes()
#8 C:\Users\wfabi\OneDrive\Documentos\Programacao\WEB-II\014\system\CodeIgniter.php(933): App\Controllers\Home->index()
#9 C:\Users\wfabi\OneDrive\Documentos\Programacao\WEB-II\014\system\CodeIgniter.php(507): CodeIgniter\CodeIgniter->runController(Object(App\Controllers\Home))
#10 C:\Users\wfabi\OneDrive\Documentos\Programacao\WEB-II\014\system\CodeIgniter.php(354): CodeIgniter\CodeIgniter->handleRequest(NULL, Object(Config\Cache), false)
#11 C:\Users\wfabi\OneDrive\Documentos\Programacao\WEB-II\014\system\Boot.php(363): CodeIgniter\CodeIgniter->run()
#12 C:\Users\wfabi\OneDrive\Documentos\Programacao\WEB-II\014\system\Boot.php(68): CodeIgniter\Boot::runCodeIgniter(Object(CodeIgniter\CodeIgniter))
#13 C:\Users\wfabi\OneDrive\Documentos\Programacao\WEB-II\014\public\index.php(59): CodeIgniter\Boot::bootWeb(Object(Config\Paths))
#14 {main}
CRITICAL - 2026-06-12 01:44:48 --> CodeIgniter\Database\Exceptions\DatabaseException: Table 'brasil.clientes' doesn't exist
[Method: GET, Route: /]
in SYSTEMPATH\Database\BaseConnection.php on line 684.
 1 SYSTEMPATH\Database\BaseBuilder.php(1649): CodeIgniter\Database\BaseConnection->query('SELECT `clientes`.*, `estados`.`nome` as `estado_nome`, `municipios`.`nome` as `cidade_nome`
FROM `clientes`
LEFT JOIN `estados` ON `estados`.`id` = `clientes`.`estado_id`
LEFT JOIN `municipios` ON `municipios`.`id` = `clientes`.`cidade_id`
ORDER BY `clientes`.`id` DESC', [], false)
 2 SYSTEMPATH\Model.php(286): CodeIgniter\Database\BaseBuilder->get()
 3 SYSTEMPATH\BaseModel.php(677): CodeIgniter\Model->doFindAll(0, 0)
 4 APPPATH\Models\ClienteModel.php(32): CodeIgniter\BaseModel->findAll()
 5 APPPATH\Controllers\Home.php(24): App\Models\ClienteModel->getAllClientes()
 6 SYSTEMPATH\CodeIgniter.php(933): App\Controllers\Home->index()
 7 SYSTEMPATH\CodeIgniter.php(507): CodeIgniter\CodeIgniter->runController(Object(App\Controllers\Home))
 8 SYSTEMPATH\CodeIgniter.php(354): CodeIgniter\CodeIgniter->handleRequest(null, Object(Config\Cache), false)
 9 SYSTEMPATH\Boot.php(363): CodeIgniter\CodeIgniter->run()
10 SYSTEMPATH\Boot.php(68): CodeIgniter\Boot::runCodeIgniter(Object(CodeIgniter\CodeIgniter))
11 FCPATH\index.php(59): CodeIgniter\Boot::bootWeb(Object(Config\Paths))
CRITICAL - 2026-06-12 01:44:48 --> [Caused by] CodeIgniter\Database\Exceptions\DatabaseException: Table 'brasil.clientes' doesn't exist
in SYSTEMPATH\Database\MySQLi\Connection.php on line 332.
 1 SYSTEMPATH\Database\BaseConnection.php(729): CodeIgniter\Database\MySQLi\Connection->execute('SELECT `clientes`.*, `estados`.`nome` as `estado_nome`, `municipios`.`nome` as `cidade_nome`
FROM `clientes`
LEFT JOIN `estados` ON `estados`.`id` = `clientes`.`estado_id`
LEFT JOIN `municipios` ON `municipios`.`id` = `clientes`.`cidade_id`
ORDER BY `clientes`.`id` DESC')
 2 SYSTEMPATH\Database\BaseConnection.php(646): CodeIgniter\Database\BaseConnection->simpleQuery('SELECT `clientes`.*, `estados`.`nome` as `estado_nome`, `municipios`.`nome` as `cidade_nome`
FROM `clientes`
LEFT JOIN `estados` ON `estados`.`id` = `clientes`.`estado_id`
LEFT JOIN `municipios` ON `municipios`.`id` = `clientes`.`cidade_id`
ORDER BY `clientes`.`id` DESC')
 3 SYSTEMPATH\Database\BaseBuilder.php(1649): CodeIgniter\Database\BaseConnection->query('SELECT `clientes`.*, `estados`.`nome` as `estado_nome`, `municipios`.`nome` as `cidade_nome`
FROM `clientes`
LEFT JOIN `estados` ON `estados`.`id` = `clientes`.`estado_id`
LEFT JOIN `municipios` ON `municipios`.`id` = `clientes`.`cidade_id`
ORDER BY `clientes`.`id` DESC', [], false)
 4 SYSTEMPATH\Model.php(286): CodeIgniter\Database\BaseBuilder->get()
 5 SYSTEMPATH\BaseModel.php(677): CodeIgniter\Model->doFindAll(0, 0)
 6 APPPATH\Models\ClienteModel.php(32): CodeIgniter\BaseModel->findAll()
 7 APPPATH\Controllers\Home.php(24): App\Models\ClienteModel->getAllClientes()
 8 SYSTEMPATH\CodeIgniter.php(933): App\Controllers\Home->index()
 9 SYSTEMPATH\CodeIgniter.php(507): CodeIgniter\CodeIgniter->runController(Object(App\Controllers\Home))
10 SYSTEMPATH\CodeIgniter.php(354): CodeIgniter\CodeIgniter->handleRequest(null, Object(Config\Cache), false)
11 SYSTEMPATH\Boot.php(363): CodeIgniter\CodeIgniter->run()
12 SYSTEMPATH\Boot.php(68): CodeIgniter\Boot::runCodeIgniter(Object(CodeIgniter\CodeIgniter))
13 FCPATH\index.php(59): CodeIgniter\Boot::bootWeb(Object(Config\Paths))
CRITICAL - 2026-06-12 01:44:48 --> [Caused by] mysqli_sql_exception: Table 'brasil.clientes' doesn't exist
in SYSTEMPATH\Database\MySQLi\Connection.php on line 327.
 1 SYSTEMPATH\Database\MySQLi\Connection.php(327): mysqli->query('SELECT `clientes`.*, `estados`.`nome` as `estado_nome`, `municipios`.`nome` as `cidade_nome`
FROM `clientes`
LEFT JOIN `estados` ON `estados`.`id` = `clientes`.`estado_id`
LEFT JOIN `municipios` ON `municipios`.`id` = `clientes`.`cidade_id`
ORDER BY `clientes`.`id` DESC', 0)
 2 SYSTEMPATH\Database\BaseConnection.php(729): CodeIgniter\Database\MySQLi\Connection->execute('SELECT `clientes`.*, `estados`.`nome` as `estado_nome`, `municipios`.`nome` as `cidade_nome`
FROM `clientes`
LEFT JOIN `estados` ON `estados`.`id` = `clientes`.`estado_id`
LEFT JOIN `municipios` ON `municipios`.`id` = `clientes`.`cidade_id`
ORDER BY `clientes`.`id` DESC')
 3 SYSTEMPATH\Database\BaseConnection.php(646): CodeIgniter\Database\BaseConnection->simpleQuery('SELECT `clientes`.*, `estados`.`nome` as `estado_nome`, `municipios`.`nome` as `cidade_nome`
FROM `clientes`
LEFT JOIN `estados` ON `estados`.`id` = `clientes`.`estado_id`
LEFT JOIN `municipios` ON `municipios`.`id` = `clientes`.`cidade_id`
ORDER BY `clientes`.`id` DESC')
 4 SYSTEMPATH\Database\BaseBuilder.php(1649): CodeIgniter\Database\BaseConnection->query('SELECT `clientes`.*, `estados`.`nome` as `estado_nome`, `municipios`.`nome` as `cidade_nome`
FROM `clientes`
LEFT JOIN `estados` ON `estados`.`id` = `clientes`.`estado_id`
LEFT JOIN `municipios` ON `municipios`.`id` = `clientes`.`cidade_id`
ORDER BY `clientes`.`id` DESC', [], false)
 5 SYSTEMPATH\Model.php(286): CodeIgniter\Database\BaseBuilder->get()
 6 SYSTEMPATH\BaseModel.php(677): CodeIgniter\Model->doFindAll(0, 0)
 7 APPPATH\Models\ClienteModel.php(32): CodeIgniter\BaseModel->findAll()
 8 APPPATH\Controllers\Home.php(24): App\Models\ClienteModel->getAllClientes()
 9 SYSTEMPATH\CodeIgniter.php(933): App\Controllers\Home->index()
10 SYSTEMPATH\CodeIgniter.php(507): CodeIgniter\CodeIgniter->runController(Object(App\Controllers\Home))
11 SYSTEMPATH\CodeIgniter.php(354): CodeIgniter\CodeIgniter->handleRequest(null, Object(Config\Cache), false)
12 SYSTEMPATH\Boot.php(363): CodeIgniter\CodeIgniter->run()
13 SYSTEMPATH\Boot.php(68): CodeIgniter\Boot::runCodeIgniter(Object(CodeIgniter\CodeIgniter))
14 FCPATH\index.php(59): CodeIgniter\Boot::bootWeb(Object(Config\Paths))
ERROR - 2026-06-12 01:44:56 --> Error connecting to the database: mysqli_sql_exception: Access denied for user 'root'@'localhost' (using password: NO) in C:\Users\wfabi\OneDrive\Documentos\Programacao\WEB-II\014\system\Database\MySQLi\Connection.php:201
Stack trace:
#0 C:\Users\wfabi\OneDrive\Documentos\Programacao\WEB-II\014\system\Database\MySQLi\Connection.php(201): mysqli->real_connect('localhost', 'root', Object(SensitiveParameterValue), 'brasil', 3306, '', 0)
#1 C:\Users\wfabi\OneDrive\Documentos\Programacao\WEB-II\014\system\Database\BaseConnection.php(419): CodeIgniter\Database\MySQLi\Connection->connect(false)
#2 C:\Users\wfabi\OneDrive\Documentos\Programacao\WEB-II\014\system\Database\BaseConnection.php(614): CodeIgniter\Database\BaseConnection->initialize()
#3 C:\Users\wfabi\OneDrive\Documentos\Programacao\WEB-II\014\system\Database\BaseBuilder.php(1649): CodeIgniter\Database\BaseConnection->query('SELECT `id`, `n...', Array, false)
#4 C:\Users\wfabi\OneDrive\Documentos\Programacao\WEB-II\014\system\Model.php(286): CodeIgniter\Database\BaseBuilder->get()
#5 C:\Users\wfabi\OneDrive\Documentos\Programacao\WEB-II\014\system\BaseModel.php(677): CodeIgniter\Model->doFindAll(0, 0)
#6 C:\Users\wfabi\OneDrive\Documentos\Programacao\WEB-II\014\app\Services\EstadoService.php(24): CodeIgniter\BaseModel->findAll()
#7 C:\Users\wfabi\OneDrive\Documentos\Programacao\WEB-II\014\app\Controllers\Home.php(15): App\Services\EstadoService->getEstados()
#8 C:\Users\wfabi\OneDrive\Documentos\Programacao\WEB-II\014\system\CodeIgniter.php(933): App\Controllers\Home->index()
#9 C:\Users\wfabi\OneDrive\Documentos\Programacao\WEB-II\014\system\CodeIgniter.php(507): CodeIgniter\CodeIgniter->runController(Object(App\Controllers\Home))
#10 C:\Users\wfabi\OneDrive\Documentos\Programacao\WEB-II\014\system\CodeIgniter.php(354): CodeIgniter\CodeIgniter->handleRequest(NULL, Object(Config\Cache), false)
#11 C:\Users\wfabi\OneDrive\Documentos\Programacao\WEB-II\014\system\Boot.php(363): CodeIgniter\CodeIgniter->run()
#12 C:\Users\wfabi\OneDrive\Documentos\Programacao\WEB-II\014\system\Boot.php(68): CodeIgniter\Boot::runCodeIgniter(Object(CodeIgniter\CodeIgniter))
#13 C:\Users\wfabi\OneDrive\Documentos\Programacao\WEB-II\014\public\index.php(59): CodeIgniter\Boot::bootWeb(Object(Config\Paths))
#14 {main}

Next CodeIgniter\Database\Exceptions\DatabaseException: Access denied for user '****'@'localhost' (using password: NO) in C:\Users\wfabi\OneDrive\Documentos\Programacao\WEB-II\014\system\Database\MySQLi\Connection.php:246
Stack trace:
#0 C:\Users\wfabi\OneDrive\Documentos\Programacao\WEB-II\014\system\Database\BaseConnection.php(419): CodeIgniter\Database\MySQLi\Connection->connect(false)
#1 C:\Users\wfabi\OneDrive\Documentos\Programacao\WEB-II\014\system\Database\BaseConnection.php(614): CodeIgniter\Database\BaseConnection->initialize()
#2 C:\Users\wfabi\OneDrive\Documentos\Programacao\WEB-II\014\system\Database\BaseBuilder.php(1649): CodeIgniter\Database\BaseConnection->query('SELECT `id`, `n...', Array, false)
#3 C:\Users\wfabi\OneDrive\Documentos\Programacao\WEB-II\014\system\Model.php(286): CodeIgniter\Database\BaseBuilder->get()
#4 C:\Users\wfabi\OneDrive\Documentos\Programacao\WEB-II\014\system\BaseModel.php(677): CodeIgniter\Model->doFindAll(0, 0)
#5 C:\Users\wfabi\OneDrive\Documentos\Programacao\WEB-II\014\app\Services\EstadoService.php(24): CodeIgniter\BaseModel->findAll()
#6 C:\Users\wfabi\OneDrive\Documentos\Programacao\WEB-II\014\app\Controllers\Home.php(15): App\Services\EstadoService->getEstados()
#7 C:\Users\wfabi\OneDrive\Documentos\Programacao\WEB-II\014\system\CodeIgniter.php(933): App\Controllers\Home->index()
#8 C:\Users\wfabi\OneDrive\Documentos\Programacao\WEB-II\014\system\CodeIgniter.php(507): CodeIgniter\CodeIgniter->runController(Object(App\Controllers\Home))
#9 C:\Users\wfabi\OneDrive\Documentos\Programacao\WEB-II\014\system\CodeIgniter.php(354): CodeIgniter\CodeIgniter->handleRequest(NULL, Object(Config\Cache), false)
#10 C:\Users\wfabi\OneDrive\Documentos\Programacao\WEB-II\014\system\Boot.php(363): CodeIgniter\CodeIgniter->run()
#11 C:\Users\wfabi\OneDrive\Documentos\Programacao\WEB-II\014\system\Boot.php(68): CodeIgniter\Boot::runCodeIgniter(Object(CodeIgniter\CodeIgniter))
#12 C:\Users\wfabi\OneDrive\Documentos\Programacao\WEB-II\014\public\index.php(59): CodeIgniter\Boot::bootWeb(Object(Config\Paths))
#13 {main}
ERROR - 2026-06-12 01:45:03 --> mysqli_sql_exception: Table 'brasil.clientes' doesn't exist in C:\Users\wfabi\OneDrive\Documentos\Programacao\WEB-II\014\system\Database\MySQLi\Connection.php:327
Stack trace:
#0 C:\Users\wfabi\OneDrive\Documentos\Programacao\WEB-II\014\system\Database\MySQLi\Connection.php(327): mysqli->query('SELECT `cliente...', 0)
#1 C:\Users\wfabi\OneDrive\Documentos\Programacao\WEB-II\014\system\Database\BaseConnection.php(729): CodeIgniter\Database\MySQLi\Connection->execute('SELECT `cliente...')
#2 C:\Users\wfabi\OneDrive\Documentos\Programacao\WEB-II\014\system\Database\BaseConnection.php(646): CodeIgniter\Database\BaseConnection->simpleQuery('SELECT `cliente...')
#3 C:\Users\wfabi\OneDrive\Documentos\Programacao\WEB-II\014\system\Database\BaseBuilder.php(1649): CodeIgniter\Database\BaseConnection->query('SELECT `cliente...', Array, false)
#4 C:\Users\wfabi\OneDrive\Documentos\Programacao\WEB-II\014\system\Model.php(286): CodeIgniter\Database\BaseBuilder->get()
#5 C:\Users\wfabi\OneDrive\Documentos\Programacao\WEB-II\014\system\BaseModel.php(677): CodeIgniter\Model->doFindAll(0, 0)
#6 C:\Users\wfabi\OneDrive\Documentos\Programacao\WEB-II\014\app\Models\ClienteModel.php(32): CodeIgniter\BaseModel->findAll()
#7 C:\Users\wfabi\OneDrive\Documentos\Programacao\WEB-II\014\app\Controllers\Home.php(24): App\Models\ClienteModel->getAllClientes()
#8 C:\Users\wfabi\OneDrive\Documentos\Programacao\WEB-II\014\system\CodeIgniter.php(933): App\Controllers\Home->index()
#9 C:\Users\wfabi\OneDrive\Documentos\Programacao\WEB-II\014\system\CodeIgniter.php(507): CodeIgniter\CodeIgniter->runController(Object(App\Controllers\Home))
#10 C:\Users\wfabi\OneDrive\Documentos\Programacao\WEB-II\014\system\CodeIgniter.php(354): CodeIgniter\CodeIgniter->handleRequest(NULL, Object(Config\Cache), false)
#11 C:\Users\wfabi\OneDrive\Documentos\Programacao\WEB-II\014\system\Boot.php(363): CodeIgniter\CodeIgniter->run()
#12 C:\Users\wfabi\OneDrive\Documentos\Programacao\WEB-II\014\system\Boot.php(68): CodeIgniter\Boot::runCodeIgniter(Object(CodeIgniter\CodeIgniter))
#13 C:\Users\wfabi\OneDrive\Documentos\Programacao\WEB-II\014\public\index.php(59): CodeIgniter\Boot::bootWeb(Object(Config\Paths))
#14 {main}
CRITICAL - 2026-06-12 01:45:03 --> CodeIgniter\Database\Exceptions\DatabaseException: Table 'brasil.clientes' doesn't exist
[Method: GET, Route: /]
in SYSTEMPATH\Database\BaseConnection.php on line 684.
 1 SYSTEMPATH\Database\BaseBuilder.php(1649): CodeIgniter\Database\BaseConnection->query('SELECT `clientes`.*, `estados`.`nome` as `estado_nome`, `municipios`.`nome` as `cidade_nome`
FROM `clientes`
LEFT JOIN `estados` ON `estados`.`id` = `clientes`.`estado_id`
LEFT JOIN `municipios` ON `municipios`.`id` = `clientes`.`cidade_id`
ORDER BY `clientes`.`id` DESC', [], false)
 2 SYSTEMPATH\Model.php(286): CodeIgniter\Database\BaseBuilder->get()
 3 SYSTEMPATH\BaseModel.php(677): CodeIgniter\Model->doFindAll(0, 0)
 4 APPPATH\Models\ClienteModel.php(32): CodeIgniter\BaseModel->findAll()
 5 APPPATH\Controllers\Home.php(24): App\Models\ClienteModel->getAllClientes()
 6 SYSTEMPATH\CodeIgniter.php(933): App\Controllers\Home->index()
 7 SYSTEMPATH\CodeIgniter.php(507): CodeIgniter\CodeIgniter->runController(Object(App\Controllers\Home))
 8 SYSTEMPATH\CodeIgniter.php(354): CodeIgniter\CodeIgniter->handleRequest(null, Object(Config\Cache), false)
 9 SYSTEMPATH\Boot.php(363): CodeIgniter\CodeIgniter->run()
10 SYSTEMPATH\Boot.php(68): CodeIgniter\Boot::runCodeIgniter(Object(CodeIgniter\CodeIgniter))
11 FCPATH\index.php(59): CodeIgniter\Boot::bootWeb(Object(Config\Paths))
CRITICAL - 2026-06-12 01:45:03 --> [Caused by] CodeIgniter\Database\Exceptions\DatabaseException: Table 'brasil.clientes' doesn't exist
in SYSTEMPATH\Database\MySQLi\Connection.php on line 332.
 1 SYSTEMPATH\Database\BaseConnection.php(729): CodeIgniter\Database\MySQLi\Connection->execute('SELECT `clientes`.*, `estados`.`nome` as `estado_nome`, `municipios`.`nome` as `cidade_nome`
FROM `clientes`
LEFT JOIN `estados` ON `estados`.`id` = `clientes`.`estado_id`
LEFT JOIN `municipios` ON `municipios`.`id` = `clientes`.`cidade_id`
ORDER BY `clientes`.`id` DESC')
 2 SYSTEMPATH\Database\BaseConnection.php(646): CodeIgniter\Database\BaseConnection->simpleQuery('SELECT `clientes`.*, `estados`.`nome` as `estado_nome`, `municipios`.`nome` as `cidade_nome`
FROM `clientes`
LEFT JOIN `estados` ON `estados`.`id` = `clientes`.`estado_id`
LEFT JOIN `municipios` ON `municipios`.`id` = `clientes`.`cidade_id`
ORDER BY `clientes`.`id` DESC')
 3 SYSTEMPATH\Database\BaseBuilder.php(1649): CodeIgniter\Database\BaseConnection->query('SELECT `clientes`.*, `estados`.`nome` as `estado_nome`, `municipios`.`nome` as `cidade_nome`
FROM `clientes`
LEFT JOIN `estados` ON `estados`.`id` = `clientes`.`estado_id`
LEFT JOIN `municipios` ON `municipios`.`id` = `clientes`.`cidade_id`
ORDER BY `clientes`.`id` DESC', [], false)
 4 SYSTEMPATH\Model.php(286): CodeIgniter\Database\BaseBuilder->get()
 5 SYSTEMPATH\BaseModel.php(677): CodeIgniter\Model->doFindAll(0, 0)
 6 APPPATH\Models\ClienteModel.php(32): CodeIgniter\BaseModel->findAll()
 7 APPPATH\Controllers\Home.php(24): App\Models\ClienteModel->getAllClientes()
 8 SYSTEMPATH\CodeIgniter.php(933): App\Controllers\Home->index()
 9 SYSTEMPATH\CodeIgniter.php(507): CodeIgniter\CodeIgniter->runController(Object(App\Controllers\Home))
10 SYSTEMPATH\CodeIgniter.php(354): CodeIgniter\CodeIgniter->handleRequest(null, Object(Config\Cache), false)
11 SYSTEMPATH\Boot.php(363): CodeIgniter\CodeIgniter->run()
12 SYSTEMPATH\Boot.php(68): CodeIgniter\Boot::runCodeIgniter(Object(CodeIgniter\CodeIgniter))
13 FCPATH\index.php(59): CodeIgniter\Boot::bootWeb(Object(Config\Paths))
CRITICAL - 2026-06-12 01:45:03 --> [Caused by] mysqli_sql_exception: Table 'brasil.clientes' doesn't exist
in SYSTEMPATH\Database\MySQLi\Connection.php on line 327.
 1 SYSTEMPATH\Database\MySQLi\Connection.php(327): mysqli->query('SELECT `clientes`.*, `estados`.`nome` as `estado_nome`, `municipios`.`nome` as `cidade_nome`
FROM `clientes`
LEFT JOIN `estados` ON `estados`.`id` = `clientes`.`estado_id`
LEFT JOIN `municipios` ON `municipios`.`id` = `clientes`.`cidade_id`
ORDER BY `clientes`.`id` DESC', 0)
 2 SYSTEMPATH\Database\BaseConnection.php(729): CodeIgniter\Database\MySQLi\Connection->execute('SELECT `clientes`.*, `estados`.`nome` as `estado_nome`, `municipios`.`nome` as `cidade_nome`
FROM `clientes`
LEFT JOIN `estados` ON `estados`.`id` = `clientes`.`estado_id`
LEFT JOIN `municipios` ON `municipios`.`id` = `clientes`.`cidade_id`
ORDER BY `clientes`.`id` DESC')
 3 SYSTEMPATH\Database\BaseConnection.php(646): CodeIgniter\Database\BaseConnection->simpleQuery('SELECT `clientes`.*, `estados`.`nome` as `estado_nome`, `municipios`.`nome` as `cidade_nome`
FROM `clientes`
LEFT JOIN `estados` ON `estados`.`id` = `clientes`.`estado_id`
LEFT JOIN `municipios` ON `municipios`.`id` = `clientes`.`cidade_id`
ORDER BY `clientes`.`id` DESC')
 4 SYSTEMPATH\Database\BaseBuilder.php(1649): CodeIgniter\Database\BaseConnection->query('SELECT `clientes`.*, `estados`.`nome` as `estado_nome`, `municipios`.`nome` as `cidade_nome`
FROM `clientes`
LEFT JOIN `estados` ON `estados`.`id` = `clientes`.`estado_id`
LEFT JOIN `municipios` ON `municipios`.`id` = `clientes`.`cidade_id`
ORDER BY `clientes`.`id` DESC', [], false)
 5 SYSTEMPATH\Model.php(286): CodeIgniter\Database\BaseBuilder->get()
 6 SYSTEMPATH\BaseModel.php(677): CodeIgniter\Model->doFindAll(0, 0)
 7 APPPATH\Models\ClienteModel.php(32): CodeIgniter\BaseModel->findAll()
 8 APPPATH\Controllers\Home.php(24): App\Models\ClienteModel->getAllClientes()
 9 SYSTEMPATH\CodeIgniter.php(933): App\Controllers\Home->index()
10 SYSTEMPATH\CodeIgniter.php(507): CodeIgniter\CodeIgniter->runController(Object(App\Controllers\Home))
11 SYSTEMPATH\CodeIgniter.php(354): CodeIgniter\CodeIgniter->handleRequest(null, Object(Config\Cache), false)
12 SYSTEMPATH\Boot.php(363): CodeIgniter\CodeIgniter->run()
13 SYSTEMPATH\Boot.php(68): CodeIgniter\Boot::runCodeIgniter(Object(CodeIgniter\CodeIgniter))
14 FCPATH\index.php(59): CodeIgniter\Boot::bootWeb(Object(Config\Paths))
CRITICAL - 2026-06-12 01:49:34 --> Error: Class "App\Services\ClienteService" not found
[Method: GET, Route: /]
in APPPATH\Controllers\Home.php on line 14.
 1 SYSTEMPATH\CodeIgniter.php(933): App\Controllers\Home->index()
 2 SYSTEMPATH\CodeIgniter.php(507): CodeIgniter\CodeIgniter->runController(Object(App\Controllers\Home))
 3 SYSTEMPATH\CodeIgniter.php(354): CodeIgniter\CodeIgniter->handleRequest(null, Object(Config\Cache), false)
 4 SYSTEMPATH\Boot.php(363): CodeIgniter\CodeIgniter->run()
 5 SYSTEMPATH\Boot.php(68): CodeIgniter\Boot::runCodeIgniter(Object(CodeIgniter\CodeIgniter))
 6 FCPATH\index.php(59): CodeIgniter\Boot::bootWeb(Object(Config\Paths))
CRITICAL - 2026-06-12 01:49:36 --> Error: Class "App\Services\ClienteService" not found
[Method: GET, Route: /]
in APPPATH\Controllers\Home.php on line 14.
 1 SYSTEMPATH\CodeIgniter.php(933): App\Controllers\Home->index()
 2 SYSTEMPATH\CodeIgniter.php(507): CodeIgniter\CodeIgniter->runController(Object(App\Controllers\Home))
 3 SYSTEMPATH\CodeIgniter.php(354): CodeIgniter\CodeIgniter->handleRequest(null, Object(Config\Cache), false)
 4 SYSTEMPATH\Boot.php(363): CodeIgniter\CodeIgniter->run()
 5 SYSTEMPATH\Boot.php(68): CodeIgniter\Boot::runCodeIgniter(Object(CodeIgniter\CodeIgniter))
 6 FCPATH\index.php(59): CodeIgniter\Boot::bootWeb(Object(Config\Paths))
INFO - 2026-06-12 01:56:27 --> CSRF token verified.
INFO - 2026-06-12 01:56:32 --> CSRF token verified.
INFO - 2026-06-12 01:56:38 --> CSRF token verified.
INFO - 2026-06-12 01:56:41 --> CSRF token verified.
INFO - 2026-06-12 01:56:46 --> CSRF token verified.
INFO - 2026-06-12 01:58:30 --> CSRF token verified.
INFO - 2026-06-12 01:58:36 --> CSRF token verified.
INFO - 2026-06-12 01:58:45 --> CSRF token verified.
CRITICAL - 2026-06-12 01:58:45 --> CodeIgniter\Security\Exceptions\SecurityException: The action you requested is not allowed.
[Method: POST, Route: clientes/buscarCidades]
in SYSTEMPATH\Security\Security.php on line 262.
 1 SYSTEMPATH\Security\Security.php(262): CodeIgniter\Security\Exceptions\SecurityException::forDisallowedAction()
 2 SYSTEMPATH\Filters\CSRF.php(52): CodeIgniter\Security\Security->verify(Object(CodeIgniter\HTTP\IncomingRequest))
 3 SYSTEMPATH\Filters\Filters.php(241): CodeIgniter\Filters\CSRF->before(Object(CodeIgniter\HTTP\IncomingRequest), null)
 4 SYSTEMPATH\Filters\Filters.php(221): CodeIgniter\Filters\Filters->runBefore([...])
 5 SYSTEMPATH\CodeIgniter.php(479): CodeIgniter\Filters\Filters->run('clientes/buscarCidades', 'before')
 6 SYSTEMPATH\CodeIgniter.php(354): CodeIgniter\CodeIgniter->handleRequest(null, Object(Config\Cache), false)
 7 SYSTEMPATH\Boot.php(363): CodeIgniter\CodeIgniter->run()
 8 SYSTEMPATH\Boot.php(68): CodeIgniter\Boot::runCodeIgniter(Object(CodeIgniter\CodeIgniter))
 9 FCPATH\index.php(59): CodeIgniter\Boot::bootWeb(Object(Config\Paths))
INFO - 2026-06-12 01:58:50 --> CSRF token verified.
INFO - 2026-06-12 01:58:56 --> CSRF token verified.
INFO - 2026-06-12 01:59:02 --> CSRF token verified.
INFO - 2026-06-12 01:59:18 --> CSRF token verified.
INFO - 2026-06-12 01:59:20 --> CSRF token verified.
INFO - 2026-06-12 01:59:21 --> CSRF token verified.
INFO - 2026-06-12 01:59:25 --> CSRF token verified.
INFO - 2026-06-12 01:59:28 --> CSRF token verified.
DEBUG - 2026-06-12 02:06:18 --> Session: Class initialized using 'CodeIgniter\Session\Handlers\FileHandler' driver.
INFO - 2026-06-12 02:07:38 --> CSRF token verified.
DEBUG - 2026-06-12 02:07:49 --> Session: Class initialized using 'CodeIgniter\Session\Handlers\FileHandler' driver.
DEBUG - 2026-06-12 02:09:09 --> Session: Class initialized using 'CodeIgniter\Session\Handlers\FileHandler' driver.
INFO - 2026-06-12 02:09:14 --> CSRF token verified.
INFO - 2026-06-12 02:09:21 --> CSRF token verified.
CRITICAL - 2026-06-12 02:09:27 --> CodeIgniter\Security\Exceptions\SecurityException: The action you requested is not allowed.
[Method: POST, Route: clientes/salvar]
in SYSTEMPATH\Security\Security.php on line 262.
 1 SYSTEMPATH\Security\Security.php(262): CodeIgniter\Security\Exceptions\SecurityException::forDisallowedAction()
 2 SYSTEMPATH\Filters\CSRF.php(52): CodeIgniter\Security\Security->verify(Object(CodeIgniter\HTTP\IncomingRequest))
 3 SYSTEMPATH\Filters\Filters.php(241): CodeIgniter\Filters\CSRF->before(Object(CodeIgniter\HTTP\IncomingRequest), null)
 4 SYSTEMPATH\Filters\Filters.php(221): CodeIgniter\Filters\Filters->runBefore([...])
 5 SYSTEMPATH\CodeIgniter.php(479): CodeIgniter\Filters\Filters->run('clientes/salvar', 'before')
 6 SYSTEMPATH\CodeIgniter.php(354): CodeIgniter\CodeIgniter->handleRequest(null, Object(Config\Cache), false)
 7 SYSTEMPATH\Boot.php(363): CodeIgniter\CodeIgniter->run()
 8 SYSTEMPATH\Boot.php(68): CodeIgniter\Boot::runCodeIgniter(Object(CodeIgniter\CodeIgniter))
 9 FCPATH\index.php(59): CodeIgniter\Boot::bootWeb(Object(Config\Paths))
CRITICAL - 2026-06-12 02:10:48 --> CodeIgniter\Security\Exceptions\SecurityException: The action you requested is not allowed.
[Method: POST, Route: clientes/salvar]
in SYSTEMPATH\Security\Security.php on line 262.
 1 SYSTEMPATH\Security\Security.php(262): CodeIgniter\Security\Exceptions\SecurityException::forDisallowedAction()
 2 SYSTEMPATH\Filters\CSRF.php(52): CodeIgniter\Security\Security->verify(Object(CodeIgniter\HTTP\IncomingRequest))
 3 SYSTEMPATH\Filters\Filters.php(241): CodeIgniter\Filters\CSRF->before(Object(CodeIgniter\HTTP\IncomingRequest), null)
 4 SYSTEMPATH\Filters\Filters.php(221): CodeIgniter\Filters\Filters->runBefore([...])
 5 SYSTEMPATH\CodeIgniter.php(479): CodeIgniter\Filters\Filters->run('clientes/salvar', 'before')
 6 SYSTEMPATH\CodeIgniter.php(354): CodeIgniter\CodeIgniter->handleRequest(null, Object(Config\Cache), false)
 7 SYSTEMPATH\Boot.php(363): CodeIgniter\CodeIgniter->run()
 8 SYSTEMPATH\Boot.php(68): CodeIgniter\Boot::runCodeIgniter(Object(CodeIgniter\CodeIgniter))
 9 FCPATH\index.php(59): CodeIgniter\Boot::bootWeb(Object(Config\Paths))
DEBUG - 2026-06-12 02:10:52 --> Session: Class initialized using 'CodeIgniter\Session\Handlers\FileHandler' driver.
INFO - 2026-06-12 02:10:59 --> CSRF token verified.
INFO - 2026-06-12 02:11:21 --> CSRF token verified.
INFO - 2026-06-12 02:12:04 --> CSRF token verified.
DEBUG - 2026-06-12 02:12:04 --> Session: Class initialized using 'CodeIgniter\Session\Handlers\FileHandler' driver.
DEBUG - 2026-06-12 02:12:04 --> Session: Class initialized using 'CodeIgniter\Session\Handlers\FileHandler' driver.
INFO - 2026-06-12 02:12:13 --> CSRF token verified.
DEBUG - 2026-06-12 02:12:15 --> Session: Class initialized using 'CodeIgniter\Session\Handlers\FileHandler' driver.
INFO - 2026-06-12 02:12:23 --> CSRF token verified.
DEBUG - 2026-06-12 02:13:34 --> Session: Class initialized using 'CodeIgniter\Session\Handlers\FileHandler' driver.
